Archive member included to satisfy reference by file (symbol)

c:/program files (x86)/atollic/truestudio for stm32 9.3.0/armtools/bin/../lib/gcc/arm-atollic-eabi/6.3.1/../../../../arm-atollic-eabi/lib/armv7e-m/fpu\libc_nano.a(lib_a-init.o)
                              src\startup_stm32f446xx.o (__libc_init_array)
c:/program files (x86)/atollic/truestudio for stm32 9.3.0/armtools/bin/../lib/gcc/arm-atollic-eabi/6.3.1/../../../../arm-atollic-eabi/lib/armv7e-m/fpu\libc_nano.a(lib_a-strlen.o)
                              src\tiny_printf.o (strlen)
c:/program files (x86)/atollic/truestudio for stm32 9.3.0/armtools/bin/../lib/gcc/arm-atollic-eabi/6.3.1/../../../../arm-atollic-eabi/lib/armv7e-m/fpu\libnosys.a(write.o)
                              src\tiny_printf.o (_write)
c:/program files (x86)/atollic/truestudio for stm32 9.3.0/armtools/bin/../lib/gcc/arm-atollic-eabi/6.3.1/../../../../arm-atollic-eabi/lib/armv7e-m/fpu\libnosys.a(errno.o)
                              c:/program files (x86)/atollic/truestudio for stm32 9.3.0/armtools/bin/../lib/gcc/arm-atollic-eabi/6.3.1/../../../../arm-atollic-eabi/lib/armv7e-m/fpu\libnosys.a(write.o) (errno)

Allocating common symbols
Common symbol       size              file

errno               0x4               c:/program files (x86)/atollic/truestudio for stm32 9.3.0/armtools/bin/../lib/gcc/arm-atollic-eabi/6.3.1/../../../../arm-atollic-eabi/lib/armv7e-m/fpu\libnosys.a(errno.o)

Discarded input sections

 .text          0x00000000        0x0 c:/program files (x86)/atollic/truestudio for stm32 9.3.0/armtools/bin/../lib/gcc/arm-atollic-eabi/6.3.1/armv7e-m/fpu/crti.o
 .data          0x00000000        0x0 c:/program files (x86)/atollic/truestudio for stm32 9.3.0/armtools/bin/../lib/gcc/arm-atollic-eabi/6.3.1/armv7e-m/fpu/crti.o
 .bss           0x00000000        0x0 c:/program files (x86)/atollic/truestudio for stm32 9.3.0/armtools/bin/../lib/gcc/arm-atollic-eabi/6.3.1/armv7e-m/fpu/crti.o
 .data          0x00000000        0x4 c:/program files (x86)/atollic/truestudio for stm32 9.3.0/armtools/bin/../lib/gcc/arm-atollic-eabi/6.3.1/armv7e-m/fpu/crtbegin.o
 .text          0x00000000        0x0 src\main.o
 .data          0x00000000        0x0 src\main.o
 .bss           0x00000000        0x0 src\main.o
 .text          0x00000000       0x14 src\startup_stm32f446xx.o
 .data          0x00000000        0x0 src\startup_stm32f446xx.o
 .bss           0x00000000        0x0 src\startup_stm32f446xx.o
 .text          0x00000000        0x0 src\system_stm32f4xx.o
 .data          0x00000000        0x0 src\system_stm32f4xx.o
 .bss           0x00000000        0x0 src\system_stm32f4xx.o
 .data.SystemCoreClock
                0x00000000        0x4 src\system_stm32f4xx.o
 .data.AHBPrescTable
                0x00000000       0x10 src\system_stm32f4xx.o
 .text.SystemCoreClockUpdate
                0x00000000       0xf8 src\system_stm32f4xx.o
 .text          0x00000000        0x0 src\tiny_printf.o
 .data          0x00000000        0x0 src\tiny_printf.o
 .bss           0x00000000        0x0 src\tiny_printf.o
 .text.ts_itoa  0x00000000       0x92 src\tiny_printf.o
 .text.ts_formatstring
                0x00000000      0x12e src\tiny_printf.o
 .text.ts_formatlength
                0x00000000      0x12c src\tiny_printf.o
 .text.siprintf
                0x00000000       0x2c src\tiny_printf.o
 .text.fiprintf
                0x00000000       0x9a src\tiny_printf.o
 .text.iprintf  0x00000000       0x92 src\tiny_printf.o
 .rodata        0x00000000        0x2 src\tiny_printf.o
 .text.fputs    0x00000000       0x68 src\tiny_printf.o
 .text.puts     0x00000000       0x58 src\tiny_printf.o
 .text.fwrite   0x00000000       0x38 src\tiny_printf.o
 .debug_info    0x00000000      0xc78 src\tiny_printf.o
 .debug_abbrev  0x00000000      0x262 src\tiny_printf.o
 .debug_aranges
                0x00000000       0x60 src\tiny_printf.o
 .debug_ranges  0x00000000       0x50 src\tiny_printf.o
 .debug_line    0x00000000      0x2bf src\tiny_printf.o
 .debug_str     0x00000000      0x6ad src\tiny_printf.o
 .comment       0x00000000       0x7d src\tiny_printf.o
 .debug_frame   0x00000000      0x1bc src\tiny_printf.o
 .ARM.attributes
                0x00000000       0x39 src\tiny_printf.o
 .text          0x00000000        0x0 c:/program files (x86)/atollic/truestudio for stm32 9.3.0/armtools/bin/../lib/gcc/arm-atollic-eabi/6.3.1/../../../../arm-atollic-eabi/lib/armv7e-m/fpu\libc_nano.a(lib_a-init.o)
 .data          0x00000000        0x0 c:/program files (x86)/atollic/truestudio for stm32 9.3.0/armtools/bin/../lib/gcc/arm-atollic-eabi/6.3.1/../../../../arm-atollic-eabi/lib/armv7e-m/fpu\libc_nano.a(lib_a-init.o)
 .bss           0x00000000        0x0 c:/program files (x86)/atollic/truestudio for stm32 9.3.0/armtools/bin/../lib/gcc/arm-atollic-eabi/6.3.1/../../../../arm-atollic-eabi/lib/armv7e-m/fpu\libc_nano.a(lib_a-init.o)
 .text          0x00000000       0x10 c:/program files (x86)/atollic/truestudio for stm32 9.3.0/armtools/bin/../lib/gcc/arm-atollic-eabi/6.3.1/../../../../arm-atollic-eabi/lib/armv7e-m/fpu\libc_nano.a(lib_a-strlen.o)
 .data          0x00000000        0x0 c:/program files (x86)/atollic/truestudio for stm32 9.3.0/armtools/bin/../lib/gcc/arm-atollic-eabi/6.3.1/../../../../arm-atollic-eabi/lib/armv7e-m/fpu\libc_nano.a(lib_a-strlen.o)
 .bss           0x00000000        0x0 c:/program files (x86)/atollic/truestudio for stm32 9.3.0/armtools/bin/../lib/gcc/arm-atollic-eabi/6.3.1/../../../../arm-atollic-eabi/lib/armv7e-m/fpu\libc_nano.a(lib_a-strlen.o)
 .ARM.attributes
                0x00000000       0x1b c:/program files (x86)/atollic/truestudio for stm32 9.3.0/armtools/bin/../lib/gcc/arm-atollic-eabi/6.3.1/../../../../arm-atollic-eabi/lib/armv7e-m/fpu\libc_nano.a(lib_a-strlen.o)
 .text          0x00000000        0x0 c:/program files (x86)/atollic/truestudio for stm32 9.3.0/armtools/bin/../lib/gcc/arm-atollic-eabi/6.3.1/../../../../arm-atollic-eabi/lib/armv7e-m/fpu\libnosys.a(write.o)
 .data          0x00000000        0x0 c:/program files (x86)/atollic/truestudio for stm32 9.3.0/armtools/bin/../lib/gcc/arm-atollic-eabi/6.3.1/../../../../arm-atollic-eabi/lib/armv7e-m/fpu\libnosys.a(write.o)
 .bss           0x00000000        0x0 c:/program files (x86)/atollic/truestudio for stm32 9.3.0/armtools/bin/../lib/gcc/arm-atollic-eabi/6.3.1/../../../../arm-atollic-eabi/lib/armv7e-m/fpu\libnosys.a(write.o)
 .stab          0x00000000       0x24 c:/program files (x86)/atollic/truestudio for stm32 9.3.0/armtools/bin/../lib/gcc/arm-atollic-eabi/6.3.1/../../../../arm-atollic-eabi/lib/armv7e-m/fpu\libnosys.a(write.o)
 .text._write   0x00000000       0x10 c:/program files (x86)/atollic/truestudio for stm32 9.3.0/armtools/bin/../lib/gcc/arm-atollic-eabi/6.3.1/../../../../arm-atollic-eabi/lib/armv7e-m/fpu\libnosys.a(write.o)
 .debug_frame   0x00000000       0x20 c:/program files (x86)/atollic/truestudio for stm32 9.3.0/armtools/bin/../lib/gcc/arm-atollic-eabi/6.3.1/../../../../arm-atollic-eabi/lib/armv7e-m/fpu\libnosys.a(write.o)
 .ARM.attributes
                0x00000000       0x34 c:/program files (x86)/atollic/truestudio for stm32 9.3.0/armtools/bin/../lib/gcc/arm-atollic-eabi/6.3.1/../../../../arm-atollic-eabi/lib/armv7e-m/fpu\libnosys.a(write.o)
 .text          0x00000000        0x0 c:/program files (x86)/atollic/truestudio for stm32 9.3.0/armtools/bin/../lib/gcc/arm-atollic-eabi/6.3.1/../../../../arm-atollic-eabi/lib/armv7e-m/fpu\libnosys.a(errno.o)
 .data          0x00000000        0x0 c:/program files (x86)/atollic/truestudio for stm32 9.3.0/armtools/bin/../lib/gcc/arm-atollic-eabi/6.3.1/../../../../arm-atollic-eabi/lib/armv7e-m/fpu\libnosys.a(errno.o)
 .bss           0x00000000        0x0 c:/program files (x86)/atollic/truestudio for stm32 9.3.0/armtools/bin/../lib/gcc/arm-atollic-eabi/6.3.1/../../../../arm-atollic-eabi/lib/armv7e-m/fpu\libnosys.a(errno.o)
 .ARM.attributes
                0x00000000       0x34 c:/program files (x86)/atollic/truestudio for stm32 9.3.0/armtools/bin/../lib/gcc/arm-atollic-eabi/6.3.1/../../../../arm-atollic-eabi/lib/armv7e-m/fpu\libnosys.a(errno.o)
 COMMON         0x00000000        0x4 c:/program files (x86)/atollic/truestudio for stm32 9.3.0/armtools/bin/../lib/gcc/arm-atollic-eabi/6.3.1/../../../../arm-atollic-eabi/lib/armv7e-m/fpu\libnosys.a(errno.o)
 .text          0x00000000        0x0 c:/program files (x86)/atollic/truestudio for stm32 9.3.0/armtools/bin/../lib/gcc/arm-atollic-eabi/6.3.1/armv7e-m/fpu/crtend.o
 .data          0x00000000        0x0 c:/program files (x86)/atollic/truestudio for stm32 9.3.0/armtools/bin/../lib/gcc/arm-atollic-eabi/6.3.1/armv7e-m/fpu/crtend.o
 .bss           0x00000000        0x0 c:/program files (x86)/atollic/truestudio for stm32 9.3.0/armtools/bin/../lib/gcc/arm-atollic-eabi/6.3.1/armv7e-m/fpu/crtend.o
 .eh_frame      0x00000000        0x4 c:/program files (x86)/atollic/truestudio for stm32 9.3.0/armtools/bin/../lib/gcc/arm-atollic-eabi/6.3.1/armv7e-m/fpu/crtend.o
 .ARM.attributes
                0x00000000       0x34 c:/program files (x86)/atollic/truestudio for stm32 9.3.0/armtools/bin/../lib/gcc/arm-atollic-eabi/6.3.1/armv7e-m/fpu/crtend.o
 .text          0x00000000        0x0 c:/program files (x86)/atollic/truestudio for stm32 9.3.0/armtools/bin/../lib/gcc/arm-atollic-eabi/6.3.1/armv7e-m/fpu/crtn.o
 .data          0x00000000        0x0 c:/program files (x86)/atollic/truestudio for stm32 9.3.0/armtools/bin/../lib/gcc/arm-atollic-eabi/6.3.1/armv7e-m/fpu/crtn.o
 .bss           0x00000000        0x0 c:/program files (x86)/atollic/truestudio for stm32 9.3.0/armtools/bin/../lib/gcc/arm-atollic-eabi/6.3.1/armv7e-m/fpu/crtn.o

Memory Configuration

Name             Origin             Length             Attributes
FLASH            0x08000000         0x00080000         xr
RAM              0x20000000         0x00020000         xrw
MEMORY_B1        0x60000000         0x00000000         xr
*default*        0x00000000         0xffffffff

Linker script and memory map

LOAD c:/program files (x86)/atollic/truestudio for stm32 9.3.0/armtools/bin/../lib/gcc/arm-atollic-eabi/6.3.1/armv7e-m/fpu/crti.o
LOAD c:/program files (x86)/atollic/truestudio for stm32 9.3.0/armtools/bin/../lib/gcc/arm-atollic-eabi/6.3.1/armv7e-m/fpu/crtbegin.o
LOAD src\main.o
LOAD src\startup_stm32f446xx.o
LOAD src\system_stm32f4xx.o
LOAD src\tiny_printf.o
                0x00000080                malloc_getpagesize_P = 0x80
START GROUP
LOAD c:/program files (x86)/atollic/truestudio for stm32 9.3.0/armtools/bin/../lib/gcc/arm-atollic-eabi/6.3.1/../../../../arm-atollic-eabi/lib/armv7e-m/fpu\libc_nano.a
LOAD c:/program files (x86)/atollic/truestudio for stm32 9.3.0/armtools/bin/../lib/gcc/arm-atollic-eabi/6.3.1/../../../../arm-atollic-eabi/lib/armv7e-m/fpu\libm.a
END GROUP
START GROUP
LOAD c:/program files (x86)/atollic/truestudio for stm32 9.3.0/armtools/bin/../lib/gcc/arm-atollic-eabi/6.3.1/armv7e-m/fpu\libgcc.a
LOAD c:/program files (x86)/atollic/truestudio for stm32 9.3.0/armtools/bin/../lib/gcc/arm-atollic-eabi/6.3.1/../../../../arm-atollic-eabi/lib/armv7e-m/fpu\libc_nano.a
END GROUP
START GROUP
LOAD c:/program files (x86)/atollic/truestudio for stm32 9.3.0/armtools/bin/../lib/gcc/arm-atollic-eabi/6.3.1/armv7e-m/fpu\libgcc.a
LOAD c:/program files (x86)/atollic/truestudio for stm32 9.3.0/armtools/bin/../lib/gcc/arm-atollic-eabi/6.3.1/../../../../arm-atollic-eabi/lib/armv7e-m/fpu\libc_nano.a
LOAD c:/program files (x86)/atollic/truestudio for stm32 9.3.0/armtools/bin/../lib/gcc/arm-atollic-eabi/6.3.1/../../../../arm-atollic-eabi/lib/armv7e-m/fpu\libnosys.a
END GROUP
START GROUP
LOAD c:/program files (x86)/atollic/truestudio for stm32 9.3.0/armtools/bin/../lib/gcc/arm-atollic-eabi/6.3.1/armv7e-m/fpu\libgcc.a
LOAD c:/program files (x86)/atollic/truestudio for stm32 9.3.0/armtools/bin/../lib/gcc/arm-atollic-eabi/6.3.1/../../../../arm-atollic-eabi/lib/armv7e-m/fpu\libc_nano.a
LOAD c:/program files (x86)/atollic/truestudio for stm32 9.3.0/armtools/bin/../lib/gcc/arm-atollic-eabi/6.3.1/../../../../arm-atollic-eabi/lib/armv7e-m/fpu\libnosys.a
END GROUP
LOAD c:/program files (x86)/atollic/truestudio for stm32 9.3.0/armtools/bin/../lib/gcc/arm-atollic-eabi/6.3.1/armv7e-m/fpu/crtend.o
LOAD c:/program files (x86)/atollic/truestudio for stm32 9.3.0/armtools/bin/../lib/gcc/arm-atollic-eabi/6.3.1/armv7e-m/fpu/crtn.o
                0x20020000                _estack = 0x20020000
                0x00000000                _Min_Heap_Size = 0x0
                0x00000400                _Min_Stack_Size = 0x400

.isr_vector     0x08000000      0x1c4
                0x08000000                . = ALIGN (0x4)
 *(.isr_vector)
 .isr_vector    0x08000000      0x1c4 src\startup_stm32f446xx.o
                0x08000000                g_pfnVectors
                0x080001c4                . = ALIGN (0x4)

.text           0x080001c4      0x568
                0x080001c4                . = ALIGN (0x4)
 *(.text)
 .text          0x080001c4       0x40 c:/program files (x86)/atollic/truestudio for stm32 9.3.0/armtools/bin/../lib/gcc/arm-atollic-eabi/6.3.1/armv7e-m/fpu/crtbegin.o
 *(.text*)
 .text.erase    0x08000204       0x1c src\main.o
                0x08000204                erase
 .text.num0     0x08000220       0x1c src\main.o
                0x08000220                num0
 .text.num1     0x0800023c       0x1c src\main.o
                0x0800023c                num1
 .text.num2     0x08000258       0x1c src\main.o
                0x08000258                num2
 .text.num3     0x08000274       0x1c src\main.o
                0x08000274                num3
 .text.num4     0x08000290       0x1c src\main.o
                0x08000290                num4
 .text.num5     0x080002ac       0x1c src\main.o
                0x080002ac                num5
 .text.num6     0x080002c8       0x1c src\main.o
                0x080002c8                num6
 .text.num7     0x080002e4       0x1c src\main.o
                0x080002e4                num7
 .text.num8     0x08000300       0x1c src\main.o
                0x08000300                num8
 .text.num9     0x0800031c       0x1c src\main.o
                0x0800031c                num9
 .text.chA      0x08000338       0x1c src\main.o
                0x08000338                chA
 .text.chB      0x08000354       0x1c src\main.o
                0x08000354                chB
 .text.chC      0x08000370       0x1c src\main.o
                0x08000370                chC
 .text.chD      0x0800038c       0x1c src\main.o
                0x0800038c                chD
 .text.chE      0x080003a8       0x1c src\main.o
                0x080003a8                chE
 .text.chF      0x080003c4       0x1c src\main.o
                0x080003c4                chF
 .text.main     0x080003e0      0x22c src\main.o
                0x080003e0                main
 .text.Reset_Handler
                0x0800060c       0x50 src\startup_stm32f446xx.o
                0x0800060c                Reset_Handler
 .text.Default_Handler
                0x0800065c        0x2 src\startup_stm32f446xx.o
                0x0800065c                RTC_Alarm_IRQHandler
                0x0800065c                EXTI2_IRQHandler
                0x0800065c                TIM8_CC_IRQHandler
                0x0800065c                DebugMon_Handler
                0x0800065c                SPI4_IRQHandler
                0x0800065c                TIM1_CC_IRQHandler
                0x0800065c                QuadSPI_IRQHandler
                0x0800065c                DMA2_Stream5_IRQHandler
                0x0800065c                HardFault_Handler
                0x0800065c                DMA1_Stream5_IRQHandler
                0x0800065c                SysTick_Handler
                0x0800065c                PVD_IRQHandler
                0x0800065c                SDIO_IRQHandler
                0x0800065c                TAMP_STAMP_IRQHandler
                0x0800065c                PendSV_Handler
                0x0800065c                NMI_Handler
                0x0800065c                CAN2_RX1_IRQHandler
                0x0800065c                EXTI3_IRQHandler
                0x0800065c                TIM8_TRG_COM_TIM14_IRQHandler
                0x0800065c                TIM1_UP_TIM10_IRQHandler
                0x0800065c                TIM8_UP_TIM13_IRQHandler
                0x0800065c                I2C3_ER_IRQHandler
                0x0800065c                FMPI2C1_Event_IRQHandler
                0x0800065c                EXTI0_IRQHandler
                0x0800065c                I2C2_EV_IRQHandler
                0x0800065c                DMA1_Stream2_IRQHandler
                0x0800065c                CAN1_RX0_IRQHandler
                0x0800065c                FPU_IRQHandler
                0x0800065c                OTG_HS_WKUP_IRQHandler
                0x0800065c                UsageFault_Handler
                0x0800065c                CAN2_SCE_IRQHandler
                0x0800065c                DMA2_Stream2_IRQHandler
                0x0800065c                SPI1_IRQHandler
                0x0800065c                TIM6_DAC_IRQHandler
                0x0800065c                TIM1_BRK_TIM9_IRQHandler
                0x0800065c                DCMI_IRQHandler
                0x0800065c                CAN2_RX0_IRQHandler
                0x0800065c                DMA2_Stream3_IRQHandler
                0x0800065c                SAI2_IRQHandler
                0x0800065c                USART6_IRQHandler
                0x0800065c                USART3_IRQHandler
                0x0800065c                CAN1_RX1_IRQHandler
                0x0800065c                UART5_IRQHandler
                0x0800065c                DMA2_Stream0_IRQHandler
                0x0800065c                TIM4_IRQHandler
                0x0800065c                I2C1_EV_IRQHandler
                0x0800065c                DMA1_Stream6_IRQHandler
                0x0800065c                DMA1_Stream1_IRQHandler
                0x0800065c                UART4_IRQHandler
                0x0800065c                TIM3_IRQHandler
                0x0800065c                RCC_IRQHandler
                0x0800065c                TIM8_BRK_TIM12_IRQHandler
                0x0800065c                Default_Handler
                0x0800065c                CEC_IRQHandler
                0x0800065c                EXTI15_10_IRQHandler
                0x0800065c                ADC_IRQHandler
                0x0800065c                DMA1_Stream7_IRQHandler
                0x0800065c                TIM7_IRQHandler
                0x0800065c                CAN2_TX_IRQHandler
                0x0800065c                TIM5_IRQHandler
                0x0800065c                DMA2_Stream7_IRQHandler
                0x0800065c                I2C3_EV_IRQHandler
                0x0800065c                EXTI9_5_IRQHandler
                0x0800065c                RTC_WKUP_IRQHandler
                0x0800065c                SPDIF_RX_IRQHandler
                0x0800065c                SPI2_IRQHandler
                0x0800065c                OTG_HS_EP1_IN_IRQHandler
                0x0800065c                MemManage_Handler
                0x0800065c                DMA1_Stream0_IRQHandler
                0x0800065c                CAN1_TX_IRQHandler
                0x0800065c                SVC_Handler
                0x0800065c                EXTI4_IRQHandler
                0x0800065c                OTG_HS_EP1_OUT_IRQHandler
                0x0800065c                WWDG_IRQHandler
                0x0800065c                TIM2_IRQHandler
                0x0800065c                OTG_FS_WKUP_IRQHandler
                0x0800065c                TIM1_TRG_COM_TIM11_IRQHandler
                0x0800065c                OTG_HS_IRQHandler
                0x0800065c                EXTI1_IRQHandler
                0x0800065c                USART2_IRQHandler
                0x0800065c                I2C2_ER_IRQHandler
                0x0800065c                DMA2_Stream1_IRQHandler
                0x0800065c                CAN1_SCE_IRQHandler
                0x0800065c                FLASH_IRQHandler
                0x0800065c                DMA2_Stream4_IRQHandler
                0x0800065c                BusFault_Handler
                0x0800065c                USART1_IRQHandler
                0x0800065c                OTG_FS_IRQHandler
                0x0800065c                SPI3_IRQHandler
                0x0800065c                DMA1_Stream4_IRQHandler
                0x0800065c                I2C1_ER_IRQHandler
                0x0800065c                FMC_IRQHandler
                0x0800065c                DMA2_Stream6_IRQHandler
                0x0800065c                SAI1_IRQHandler
                0x0800065c                DMA1_Stream3_IRQHandler
                0x0800065c                FMPI2C1_Error_IRQHandler
 *fill*         0x0800065e        0x2 
 .text.SystemInit
                0x08000660       0x6c src\system_stm32f4xx.o
                0x08000660                SystemInit
 .text.__libc_init_array
                0x080006cc       0x48 c:/program files (x86)/atollic/truestudio for stm32 9.3.0/armtools/bin/../lib/gcc/arm-atollic-eabi/6.3.1/../../../../arm-atollic-eabi/lib/armv7e-m/fpu\libc_nano.a(lib_a-init.o)
                0x080006cc                __libc_init_array
 *(.glue_7)
 .glue_7        0x08000714        0x0 linker stubs
 *(.glue_7t)
 .glue_7t       0x08000714        0x0 linker stubs
 *(.eh_frame)
 .eh_frame      0x08000714        0x0 c:/program files (x86)/atollic/truestudio for stm32 9.3.0/armtools/bin/../lib/gcc/arm-atollic-eabi/6.3.1/armv7e-m/fpu/crtbegin.o
 *(.init)
 .init          0x08000714        0x4 c:/program files (x86)/atollic/truestudio for stm32 9.3.0/armtools/bin/../lib/gcc/arm-atollic-eabi/6.3.1/armv7e-m/fpu/crti.o
                0x08000714                _init
 .init          0x08000718        0x8 c:/program files (x86)/atollic/truestudio for stm32 9.3.0/armtools/bin/../lib/gcc/arm-atollic-eabi/6.3.1/armv7e-m/fpu/crtn.o
 *(.fini)
 .fini          0x08000720        0x4 c:/program files (x86)/atollic/truestudio for stm32 9.3.0/armtools/bin/../lib/gcc/arm-atollic-eabi/6.3.1/armv7e-m/fpu/crti.o
                0x08000720                _fini
 .fini          0x08000724        0x8 c:/program files (x86)/atollic/truestudio for stm32 9.3.0/armtools/bin/../lib/gcc/arm-atollic-eabi/6.3.1/armv7e-m/fpu/crtn.o
                0x0800072c                . = ALIGN (0x4)
                0x0800072c                _etext = .

.vfp11_veneer   0x0800072c        0x0
 .vfp11_veneer  0x0800072c        0x0 linker stubs

.v4_bx          0x0800072c        0x0
 .v4_bx         0x0800072c        0x0 linker stubs

.iplt           0x0800072c        0x0
 .iplt          0x0800072c        0x0 c:/program files (x86)/atollic/truestudio for stm32 9.3.0/armtools/bin/../lib/gcc/arm-atollic-eabi/6.3.1/armv7e-m/fpu/crtbegin.o

.rel.dyn        0x0800072c        0x0
 .rel.iplt      0x0800072c        0x0 c:/program files (x86)/atollic/truestudio for stm32 9.3.0/armtools/bin/../lib/gcc/arm-atollic-eabi/6.3.1/armv7e-m/fpu/crtbegin.o

.rodata         0x0800072c        0x0
                0x0800072c                . = ALIGN (0x4)
 *(.rodata)
 *(.rodata*)
                0x0800072c                . = ALIGN (0x4)

.ARM.extab
 *(.ARM.extab* .gnu.linkonce.armextab.*)

.ARM            0x0800072c        0x0
                0x0800072c                __exidx_start = .
 *(.ARM.exidx*)
                0x0800072c                __exidx_end = .

.preinit_array  0x0800072c        0x0
                0x0800072c                PROVIDE (__preinit_array_start, .)
 *(.preinit_array*)
                0x0800072c                PROVIDE (__preinit_array_end, .)

.init_array     0x0800072c        0x4
                0x0800072c                PROVIDE (__init_array_start, .)
 *(SORT(.init_array.*))
 *(.init_array*)
 .init_array    0x0800072c        0x4 c:/program files (x86)/atollic/truestudio for stm32 9.3.0/armtools/bin/../lib/gcc/arm-atollic-eabi/6.3.1/armv7e-m/fpu/crtbegin.o
                0x08000730                PROVIDE (__init_array_end, .)

.fini_array     0x08000730        0x4
                [!provide]                PROVIDE (__fini_array_start, .)
 *(SORT(.fini_array.*))
 *(.fini_array*)
 .fini_array    0x08000730        0x4 c:/program files (x86)/atollic/truestudio for stm32 9.3.0/armtools/bin/../lib/gcc/arm-atollic-eabi/6.3.1/armv7e-m/fpu/crtbegin.o
                [!provide]                PROVIDE (__fini_array_end, .)
                0x08000734                _sidata = LOADADDR (.data)

.data           0x20000000        0x0 load address 0x08000734
                0x20000000                . = ALIGN (0x4)
                0x20000000                _sdata = .
 *(.data)
 *(.data*)
                0x20000000                . = ALIGN (0x4)
                0x20000000                _edata = .

.igot.plt       0x20000000        0x0 load address 0x08000734
 .igot.plt      0x20000000        0x0 c:/program files (x86)/atollic/truestudio for stm32 9.3.0/armtools/bin/../lib/gcc/arm-atollic-eabi/6.3.1/armv7e-m/fpu/crtbegin.o
                0x20000000                . = ALIGN (0x4)

.bss            0x20000000       0x1c load address 0x08000734
                0x20000000                _sbss = .
                0x20000000                __bss_start__ = _sbss
 *(.bss)
 .bss           0x20000000       0x1c c:/program files (x86)/atollic/truestudio for stm32 9.3.0/armtools/bin/../lib/gcc/arm-atollic-eabi/6.3.1/armv7e-m/fpu/crtbegin.o
 *(.bss*)
 *(COMMON)
                0x2000001c                . = ALIGN (0x4)
                0x2000001c                _ebss = .
                0x2000001c                __bss_end__ = _ebss

._user_heap_stack
                0x2000001c      0x400 load address 0x08000734
                0x2000001c                . = ALIGN (0x4)
                [!provide]                PROVIDE (end, .)
                [!provide]                PROVIDE (_end, .)
                0x2000001c                . = (. + _Min_Heap_Size)
                0x2000041c                . = (. + _Min_Stack_Size)
 *fill*         0x2000001c      0x400 
                0x2000041c                . = ALIGN (0x4)

.memory_b1_text
 *(.mb1text)
 *(.mb1text*)
 *(.mb1rodata)
 *(.mb1rodata*)

/DISCARD/
 libc.a(*)
 libm.a(*)
 libgcc.a(*)

.ARM.attributes
                0x00000000       0x30
 *(.ARM.attributes)
 .ARM.attributes
                0x00000000       0x22 c:/program files (x86)/atollic/truestudio for stm32 9.3.0/armtools/bin/../lib/gcc/arm-atollic-eabi/6.3.1/armv7e-m/fpu/crti.o
 .ARM.attributes
                0x00000022       0x34 c:/program files (x86)/atollic/truestudio for stm32 9.3.0/armtools/bin/../lib/gcc/arm-atollic-eabi/6.3.1/armv7e-m/fpu/crtbegin.o
 .ARM.attributes
                0x00000056       0x39 src\main.o
 .ARM.attributes
                0x0000008f       0x21 src\startup_stm32f446xx.o
 .ARM.attributes
                0x000000b0       0x39 src\system_stm32f4xx.o
 .ARM.attributes
                0x000000e9       0x34 c:/program files (x86)/atollic/truestudio for stm32 9.3.0/armtools/bin/../lib/gcc/arm-atollic-eabi/6.3.1/../../../../arm-atollic-eabi/lib/armv7e-m/fpu\libc_nano.a(lib_a-init.o)
 .ARM.attributes
                0x0000011d       0x22 c:/program files (x86)/atollic/truestudio for stm32 9.3.0/armtools/bin/../lib/gcc/arm-atollic-eabi/6.3.1/armv7e-m/fpu/crtn.o
OUTPUT(displayHexa.elf elf32-littlearm)

.debug_info     0x00000000      0xa51
 .debug_info    0x00000000      0x4b2 src\main.o
 .debug_info    0x000004b2       0x9c src\startup_stm32f446xx.o
 .debug_info    0x0000054e      0x503 src\system_stm32f4xx.o

.debug_abbrev   0x00000000      0x248
 .debug_abbrev  0x00000000      0x117 src\main.o
 .debug_abbrev  0x00000117       0x12 src\startup_stm32f446xx.o
 .debug_abbrev  0x00000129      0x11f src\system_stm32f4xx.o

.debug_aranges  0x00000000       0xf8
 .debug_aranges
                0x00000000       0xa8 src\main.o
 .debug_aranges
                0x000000a8       0x28 src\startup_stm32f446xx.o
 .debug_aranges
                0x000000d0       0x28 src\system_stm32f4xx.o

.debug_ranges   0x00000000       0xd0
 .debug_ranges  0x00000000       0x98 src\main.o
 .debug_ranges  0x00000098       0x20 src\startup_stm32f446xx.o
 .debug_ranges  0x000000b8       0x18 src\system_stm32f4xx.o

.debug_line     0x00000000      0x654
 .debug_line    0x00000000      0x401 src\main.o
 .debug_line    0x00000401       0x7b src\startup_stm32f446xx.o
 .debug_line    0x0000047c      0x1d8 src\system_stm32f4xx.o

.debug_str      0x00000000      0x424
 .debug_str     0x00000000      0x362 src\main.o
                                0x3ac (size before relaxing)
 .debug_str     0x00000362       0xc2 src\system_stm32f4xx.o
                                0x3dd (size before relaxing)

.comment        0x00000000       0x7c
 .comment       0x00000000       0x7c src\main.o
                                 0x7d (size before relaxing)
 .comment       0x0000007c       0x7d src\system_stm32f4xx.o

.debug_frame    0x00000000      0x294
 .debug_frame   0x00000000      0x210 src\main.o
 .debug_frame   0x00000210       0x58 src\system_stm32f4xx.o
 .debug_frame   0x00000268       0x2c c:/program files (x86)/atollic/truestudio for stm32 9.3.0/armtools/bin/../lib/gcc/arm-atollic-eabi/6.3.1/../../../../arm-atollic-eabi/lib/armv7e-m/fpu\libc_nano.a(lib_a-init.o)

.stabstr        0x00000000       0x3f
 .stabstr       0x00000000       0x3f c:/program files (x86)/atollic/truestudio for stm32 9.3.0/armtools/bin/../lib/gcc/arm-atollic-eabi/6.3.1/../../../../arm-atollic-eabi/lib/armv7e-m/fpu\libnosys.a(write.o)

Cross Reference Table

Symbol                                            File
ADC_IRQHandler                                    src\startup_stm32f446xx.o
AHBPrescTable                                     src\system_stm32f4xx.o
BusFault_Handler                                  src\startup_stm32f446xx.o
CAN1_RX0_IRQHandler                               src\startup_stm32f446xx.o
CAN1_RX1_IRQHandler                               src\startup_stm32f446xx.o
CAN1_SCE_IRQHandler                               src\startup_stm32f446xx.o
CAN1_TX_IRQHandler                                src\startup_stm32f446xx.o
CAN2_RX0_IRQHandler                               src\startup_stm32f446xx.o
CAN2_RX1_IRQHandler                               src\startup_stm32f446xx.o
CAN2_SCE_IRQHandler                               src\startup_stm32f446xx.o
CAN2_TX_IRQHandler                                src\startup_stm32f446xx.o
CEC_IRQHandler                                    src\startup_stm32f446xx.o
DCMI_IRQHandler                                   src\startup_stm32f446xx.o
DMA1_Stream0_IRQHandler                           src\startup_stm32f446xx.o
DMA1_Stream1_IRQHandler                           src\startup_stm32f446xx.o
DMA1_Stream2_IRQHandler                           src\startup_stm32f446xx.o
DMA1_Stream3_IRQHandler                           src\startup_stm32f446xx.o
DMA1_Stream4_IRQHandler                           src\startup_stm32f446xx.o
DMA1_Stream5_IRQHandler                           src\startup_stm32f446xx.o
DMA1_Stream6_IRQHandler                           src\startup_stm32f446xx.o
DMA1_Stream7_IRQHandler                           src\startup_stm32f446xx.o
DMA2_Stream0_IRQHandler                           src\startup_stm32f446xx.o
DMA2_Stream1_IRQHandler                           src\startup_stm32f446xx.o
DMA2_Stream2_IRQHandler                           src\startup_stm32f446xx.o
DMA2_Stream3_IRQHandler                           src\startup_stm32f446xx.o
DMA2_Stream4_IRQHandler                           src\startup_stm32f446xx.o
DMA2_Stream5_IRQHandler                           src\startup_stm32f446xx.o
DMA2_Stream6_IRQHandler                           src\startup_stm32f446xx.o
DMA2_Stream7_IRQHandler                           src\startup_stm32f446xx.o
DebugMon_Handler                                  src\startup_stm32f446xx.o
Default_Handler                                   src\startup_stm32f446xx.o
EXTI0_IRQHandler                                  src\startup_stm32f446xx.o
EXTI15_10_IRQHandler                              src\startup_stm32f446xx.o
EXTI1_IRQHandler                                  src\startup_stm32f446xx.o
EXTI2_IRQHandler                                  src\startup_stm32f446xx.o
EXTI3_IRQHandler                                  src\startup_stm32f446xx.o
EXTI4_IRQHandler                                  src\startup_stm32f446xx.o
EXTI9_5_IRQHandler                                src\startup_stm32f446xx.o
FLASH_IRQHandler                                  src\startup_stm32f446xx.o
FMC_IRQHandler                                    src\startup_stm32f446xx.o
FMPI2C1_Error_IRQHandler                          src\startup_stm32f446xx.o
FMPI2C1_Event_IRQHandler                          src\startup_stm32f446xx.o
FPU_IRQHandler                                    src\startup_stm32f446xx.o
HardFault_Handler                                 src\startup_stm32f446xx.o
I2C1_ER_IRQHandler                                src\startup_stm32f446xx.o
I2C1_EV_IRQHandler                                src\startup_stm32f446xx.o
I2C2_ER_IRQHandler                                src\startup_stm32f446xx.o
I2C2_EV_IRQHandler                                src\startup_stm32f446xx.o
I2C3_ER_IRQHandler                                src\startup_stm32f446xx.o
I2C3_EV_IRQHandler                                src\startup_stm32f446xx.o
MemManage_Handler                                 src\startup_stm32f446xx.o
NMI_Handler                                       src\startup_stm32f446xx.o
OTG_FS_IRQHandler                                 src\startup_stm32f446xx.o
OTG_FS_WKUP_IRQHandler                            src\startup_stm32f446xx.o
OTG_HS_EP1_IN_IRQHandler                          src\startup_stm32f446xx.o
OTG_HS_EP1_OUT_IRQHandler                         src\startup_stm32f446xx.o
OTG_HS_IRQHandler                                 src\startup_stm32f446xx.o
OTG_HS_WKUP_IRQHandler                            src\startup_stm32f446xx.o
PVD_IRQHandler                                    src\startup_stm32f446xx.o
PendSV_Handler                                    src\startup_stm32f446xx.o
QuadSPI_IRQHandler                                src\startup_stm32f446xx.o
RCC_IRQHandler                                    src\startup_stm32f446xx.o
RTC_Alarm_IRQHandler                              src\startup_stm32f446xx.o
RTC_WKUP_IRQHandler                               src\startup_stm32f446xx.o
Reset_Handler                                     src\startup_stm32f446xx.o
SAI1_IRQHandler                                   src\startup_stm32f446xx.o
SAI2_IRQHandler                                   src\startup_stm32f446xx.o
SDIO_IRQHandler                                   src\startup_stm32f446xx.o
SPDIF_RX_IRQHandler                               src\startup_stm32f446xx.o
SPI1_IRQHandler                                   src\startup_stm32f446xx.o
SPI2_IRQHandler                                   src\startup_stm32f446xx.o
SPI3_IRQHandler                                   src\startup_stm32f446xx.o
SPI4_IRQHandler                                   src\startup_stm32f446xx.o
SVC_Handler                                       src\startup_stm32f446xx.o
SysTick_Handler                                   src\startup_stm32f446xx.o
SystemCoreClock                                   src\system_stm32f4xx.o
SystemCoreClockUpdate                             src\system_stm32f4xx.o
SystemInit                                        src\system_stm32f4xx.o
                                                  src\startup_stm32f446xx.o
TAMP_STAMP_IRQHandler                             src\startup_stm32f446xx.o
TIM1_BRK_TIM9_IRQHandler                          src\startup_stm32f446xx.o
TIM1_CC_IRQHandler                                src\startup_stm32f446xx.o
TIM1_TRG_COM_TIM11_IRQHandler                     src\startup_stm32f446xx.o
TIM1_UP_TIM10_IRQHandler                          src\startup_stm32f446xx.o
TIM2_IRQHandler                                   src\startup_stm32f446xx.o
TIM3_IRQHandler                                   src\startup_stm32f446xx.o
TIM4_IRQHandler                                   src\startup_stm32f446xx.o
TIM5_IRQHandler                                   src\startup_stm32f446xx.o
TIM6_DAC_IRQHandler                               src\startup_stm32f446xx.o
TIM7_IRQHandler                                   src\startup_stm32f446xx.o
TIM8_BRK_TIM12_IRQHandler                         src\startup_stm32f446xx.o
TIM8_CC_IRQHandler                                src\startup_stm32f446xx.o
TIM8_TRG_COM_TIM14_IRQHandler                     src\startup_stm32f446xx.o
TIM8_UP_TIM13_IRQHandler                          src\startup_stm32f446xx.o
UART4_IRQHandler                                  src\startup_stm32f446xx.o
UART5_IRQHandler                                  src\startup_stm32f446xx.o
USART1_IRQHandler                                 src\startup_stm32f446xx.o
USART2_IRQHandler                                 src\startup_stm32f446xx.o
USART3_IRQHandler                                 src\startup_stm32f446xx.o
USART6_IRQHandler                                 src\startup_stm32f446xx.o
UsageFault_Handler                                src\startup_stm32f446xx.o
WWDG_IRQHandler                                   src\startup_stm32f446xx.o
__deregister_frame_info                           c:/program files (x86)/atollic/truestudio for stm32 9.3.0/armtools/bin/../lib/gcc/arm-atollic-eabi/6.3.1/armv7e-m/fpu/crtbegin.o
__dso_handle                                      c:/program files (x86)/atollic/truestudio for stm32 9.3.0/armtools/bin/../lib/gcc/arm-atollic-eabi/6.3.1/armv7e-m/fpu/crtbegin.o
__init_array_end                                  c:/program files (x86)/atollic/truestudio for stm32 9.3.0/armtools/bin/../lib/gcc/arm-atollic-eabi/6.3.1/../../../../arm-atollic-eabi/lib/armv7e-m/fpu\libc_nano.a(lib_a-init.o)
__init_array_start                                c:/program files (x86)/atollic/truestudio for stm32 9.3.0/armtools/bin/../lib/gcc/arm-atollic-eabi/6.3.1/../../../../arm-atollic-eabi/lib/armv7e-m/fpu\libc_nano.a(lib_a-init.o)
__libc_init_array                                 c:/program files (x86)/atollic/truestudio for stm32 9.3.0/armtools/bin/../lib/gcc/arm-atollic-eabi/6.3.1/../../../../arm-atollic-eabi/lib/armv7e-m/fpu\libc_nano.a(lib_a-init.o)
                                                  src\startup_stm32f446xx.o
__preinit_array_end                               c:/program files (x86)/atollic/truestudio for stm32 9.3.0/armtools/bin/../lib/gcc/arm-atollic-eabi/6.3.1/../../../../arm-atollic-eabi/lib/armv7e-m/fpu\libc_nano.a(lib_a-init.o)
__preinit_array_start                             c:/program files (x86)/atollic/truestudio for stm32 9.3.0/armtools/bin/../lib/gcc/arm-atollic-eabi/6.3.1/../../../../arm-atollic-eabi/lib/armv7e-m/fpu\libc_nano.a(lib_a-init.o)
__register_frame_info                             c:/program files (x86)/atollic/truestudio for stm32 9.3.0/armtools/bin/../lib/gcc/arm-atollic-eabi/6.3.1/armv7e-m/fpu/crtbegin.o
_ebss                                             src\startup_stm32f446xx.o
_edata                                            src\startup_stm32f446xx.o
_estack                                           src\startup_stm32f446xx.o
_fini                                             c:/program files (x86)/atollic/truestudio for stm32 9.3.0/armtools/bin/../lib/gcc/arm-atollic-eabi/6.3.1/armv7e-m/fpu/crti.o
_init                                             c:/program files (x86)/atollic/truestudio for stm32 9.3.0/armtools/bin/../lib/gcc/arm-atollic-eabi/6.3.1/armv7e-m/fpu/crti.o
                                                  c:/program files (x86)/atollic/truestudio for stm32 9.3.0/armtools/bin/../lib/gcc/arm-atollic-eabi/6.3.1/../../../../arm-atollic-eabi/lib/armv7e-m/fpu\libc_nano.a(lib_a-init.o)
_sbss                                             src\startup_stm32f446xx.o
_sdata                                            src\startup_stm32f446xx.o
_sidata                                           src\startup_stm32f446xx.o
_write                                            c:/program files (x86)/atollic/truestudio for stm32 9.3.0/armtools/bin/../lib/gcc/arm-atollic-eabi/6.3.1/../../../../arm-atollic-eabi/lib/armv7e-m/fpu\libnosys.a(write.o)
                                                  src\tiny_printf.o
chA                                               src\main.o
chB                                               src\main.o
chC                                               src\main.o
chD                                               src\main.o
chE                                               src\main.o
chF                                               src\main.o
erase                                             src\main.o
errno                                             c:/program files (x86)/atollic/truestudio for stm32 9.3.0/armtools/bin/../lib/gcc/arm-atollic-eabi/6.3.1/../../../../arm-atollic-eabi/lib/armv7e-m/fpu\libnosys.a(errno.o)
                                                  c:/program files (x86)/atollic/truestudio for stm32 9.3.0/armtools/bin/../lib/gcc/arm-atollic-eabi/6.3.1/../../../../arm-atollic-eabi/lib/armv7e-m/fpu\libnosys.a(write.o)
fiprintf                                          src\tiny_printf.o
fprintf                                           src\tiny_printf.o
fputs                                             src\tiny_printf.o
fwrite                                            src\tiny_printf.o
g_pfnVectors                                      src\startup_stm32f446xx.o
iprintf                                           src\tiny_printf.o
main                                              src\main.o
                                                  src\startup_stm32f446xx.o
num0                                              src\main.o
num1                                              src\main.o
num2                                              src\main.o
num3                                              src\main.o
num4                                              src\main.o
num5                                              src\main.o
num6                                              src\main.o
num7                                              src\main.o
num8                                              src\main.o
num9                                              src\main.o
printf                                            src\tiny_printf.o
puts                                              src\tiny_printf.o
siprintf                                          src\tiny_printf.o
sprintf                                           src\tiny_printf.o
strlen                                            c:/program files (x86)/atollic/truestudio for stm32 9.3.0/armtools/bin/../lib/gcc/arm-atollic-eabi/6.3.1/../../../../arm-atollic-eabi/lib/armv7e-m/fpu\libc_nano.a(lib_a-strlen.o)
                                                  src\tiny_printf.o
ts_formatlength                                   src\tiny_printf.o
ts_formatstring                                   src\tiny_printf.o
ts_itoa                                           src\tiny_printf.o
