Archive member included to satisfy reference by file (symbol)

c:/program files (x86)/atollic/truestudio for stm32 9.3.0/armtools/bin/../lib/gcc/arm-atollic-eabi/6.3.1/../../../../arm-atollic-eabi/lib/armv7e-m/fpu\libc_nano.a(lib_a-init.o)
                              src\startup_stm32f446xx.o (__libc_init_array)
c:/program files (x86)/atollic/truestudio for stm32 9.3.0/armtools/bin/../lib/gcc/arm-atollic-eabi/6.3.1/../../../../arm-atollic-eabi/lib/armv7e-m/fpu\libc_nano.a(lib_a-strlen.o)
                              src\tiny_printf.o (strlen)
c:/program files (x86)/atollic/truestudio for stm32 9.3.0/armtools/bin/../lib/gcc/arm-atollic-eabi/6.3.1/../../../../arm-atollic-eabi/lib/armv7e-m/fpu\libnosys.a(write.o)
                              src\tiny_printf.o (_write)
c:/program files (x86)/atollic/truestudio for stm32 9.3.0/armtools/bin/../lib/gcc/arm-atollic-eabi/6.3.1/../../../../arm-atollic-eabi/lib/armv7e-m/fpu\libnosys.a(errno.o)
                              c:/program files (x86)/atollic/truestudio for stm32 9.3.0/armtools/bin/../lib/gcc/arm-atollic-eabi/6.3.1/../../../../arm-atollic-eabi/lib/armv7e-m/fpu\libnosys.a(write.o) (errno)

Allocating common symbols
Common symbol       size              file

errno               0x4               c:/program files (x86)/atollic/truestudio for stm32 9.3.0/armtools/bin/../lib/gcc/arm-atollic-eabi/6.3.1/../../../../arm-atollic-eabi/lib/armv7e-m/fpu\libnosys.a(errno.o)
chaveStop           0x4               src\main.o
chaveStart          0x4               src\main.o

Discarded input sections

 .text          0x00000000        0x0 c:/program files (x86)/atollic/truestudio for stm32 9.3.0/armtools/bin/../lib/gcc/arm-atollic-eabi/6.3.1/armv7e-m/fpu/crti.o
 .data          0x00000000        0x0 c:/program files (x86)/atollic/truestudio for stm32 9.3.0/armtools/bin/../lib/gcc/arm-atollic-eabi/6.3.1/armv7e-m/fpu/crti.o
 .bss           0x00000000        0x0 c:/program files (x86)/atollic/truestudio for stm32 9.3.0/armtools/bin/../lib/gcc/arm-atollic-eabi/6.3.1/armv7e-m/fpu/crti.o
 .data          0x00000000        0x4 c:/program files (x86)/atollic/truestudio for stm32 9.3.0/armtools/bin/../lib/gcc/arm-atollic-eabi/6.3.1/armv7e-m/fpu/crtbegin.o
 .text          0x00000000        0x0 src\main.o
 .data          0x00000000        0x0 src\main.o
 .bss           0x00000000        0x0 src\main.o
 .text          0x00000000       0x14 src\startup_stm32f446xx.o
 .data          0x00000000        0x0 src\startup_stm32f446xx.o
 .bss           0x00000000        0x0 src\startup_stm32f446xx.o
 .text          0x00000000        0x0 src\system_stm32f4xx.o
 .data          0x00000000        0x0 src\system_stm32f4xx.o
 .bss           0x00000000        0x0 src\system_stm32f4xx.o
 .data.SystemCoreClock
                0x00000000        0x4 src\system_stm32f4xx.o
 .data.AHBPrescTable
                0x00000000       0x10 src\system_stm32f4xx.o
 .text.SystemCoreClockUpdate
                0x00000000       0xf8 src\system_stm32f4xx.o
 .text          0x00000000        0x0 src\tiny_printf.o
 .data          0x00000000        0x0 src\tiny_printf.o
 .bss           0x00000000        0x0 src\tiny_printf.o
 .text.ts_itoa  0x00000000       0x92 src\tiny_printf.o
 .text.ts_formatstring
                0x00000000      0x12e src\tiny_printf.o
 .text.ts_formatlength
                0x00000000      0x12c src\tiny_printf.o
 .text.siprintf
                0x00000000       0x2c src\tiny_printf.o
 .text.fiprintf
                0x00000000       0x9a src\tiny_printf.o
 .text.iprintf  0x00000000       0x92 src\tiny_printf.o
 .rodata        0x00000000        0x2 src\tiny_printf.o
 .text.fputs    0x00000000       0x68 src\tiny_printf.o
 .text.puts     0x00000000       0x58 src\tiny_printf.o
 .text.fwrite   0x00000000       0x38 src\tiny_printf.o
 .debug_info    0x00000000      0xc78 src\tiny_printf.o
 .debug_abbrev  0x00000000      0x262 src\tiny_printf.o
 .debug_aranges
                0x00000000       0x60 src\tiny_printf.o
 .debug_ranges  0x00000000       0x50 src\tiny_printf.o
 .debug_line    0x00000000      0x2bf src\tiny_printf.o
 .debug_str     0x00000000      0x6ad src\tiny_printf.o
 .comment       0x00000000       0x7d src\tiny_printf.o
 .debug_frame   0x00000000      0x1bc src\tiny_printf.o
 .ARM.attributes
                0x00000000       0x39 src\tiny_printf.o
 .text          0x00000000        0x0 c:/program files (x86)/atollic/truestudio for stm32 9.3.0/armtools/bin/../lib/gcc/arm-atollic-eabi/6.3.1/../../../../arm-atollic-eabi/lib/armv7e-m/fpu\libc_nano.a(lib_a-init.o)
 .data          0x00000000        0x0 c:/program files (x86)/atollic/truestudio for stm32 9.3.0/armtools/bin/../lib/gcc/arm-atollic-eabi/6.3.1/../../../../arm-atollic-eabi/lib/armv7e-m/fpu\libc_nano.a(lib_a-init.o)
 .bss           0x00000000        0x0 c:/program files (x86)/atollic/truestudio for stm32 9.3.0/armtools/bin/../lib/gcc/arm-atollic-eabi/6.3.1/../../../../arm-atollic-eabi/lib/armv7e-m/fpu\libc_nano.a(lib_a-init.o)
 .text          0x00000000       0x10 c:/program files (x86)/atollic/truestudio for stm32 9.3.0/armtools/bin/../lib/gcc/arm-atollic-eabi/6.3.1/../../../../arm-atollic-eabi/lib/armv7e-m/fpu\libc_nano.a(lib_a-strlen.o)
 .data          0x00000000        0x0 c:/program files (x86)/atollic/truestudio for stm32 9.3.0/armtools/bin/../lib/gcc/arm-atollic-eabi/6.3.1/../../../../arm-atollic-eabi/lib/armv7e-m/fpu\libc_nano.a(lib_a-strlen.o)
 .bss           0x00000000        0x0 c:/program files (x86)/atollic/truestudio for stm32 9.3.0/armtools/bin/../lib/gcc/arm-atollic-eabi/6.3.1/../../../../arm-atollic-eabi/lib/armv7e-m/fpu\libc_nano.a(lib_a-strlen.o)
 .ARM.attributes
                0x00000000       0x1b c:/program files (x86)/atollic/truestudio for stm32 9.3.0/armtools/bin/../lib/gcc/arm-atollic-eabi/6.3.1/../../../../arm-atollic-eabi/lib/armv7e-m/fpu\libc_nano.a(lib_a-strlen.o)
 .text          0x00000000        0x0 c:/program files (x86)/atollic/truestudio for stm32 9.3.0/armtools/bin/../lib/gcc/arm-atollic-eabi/6.3.1/../../../../arm-atollic-eabi/lib/armv7e-m/fpu\libnosys.a(write.o)
 .data          0x00000000        0x0 c:/program files (x86)/atollic/truestudio for stm32 9.3.0/armtools/bin/../lib/gcc/arm-atollic-eabi/6.3.1/../../../../arm-atollic-eabi/lib/armv7e-m/fpu\libnosys.a(write.o)
 .bss           0x00000000        0x0 c:/program files (x86)/atollic/truestudio for stm32 9.3.0/armtools/bin/../lib/gcc/arm-atollic-eabi/6.3.1/../../../../arm-atollic-eabi/lib/armv7e-m/fpu\libnosys.a(write.o)
 .stab          0x00000000       0x24 c:/program files (x86)/atollic/truestudio for stm32 9.3.0/armtools/bin/../lib/gcc/arm-atollic-eabi/6.3.1/../../../../arm-atollic-eabi/lib/armv7e-m/fpu\libnosys.a(write.o)
 .text._write   0x00000000       0x10 c:/program files (x86)/atollic/truestudio for stm32 9.3.0/armtools/bin/../lib/gcc/arm-atollic-eabi/6.3.1/../../../../arm-atollic-eabi/lib/armv7e-m/fpu\libnosys.a(write.o)
 .debug_frame   0x00000000       0x20 c:/program files (x86)/atollic/truestudio for stm32 9.3.0/armtools/bin/../lib/gcc/arm-atollic-eabi/6.3.1/../../../../arm-atollic-eabi/lib/armv7e-m/fpu\libnosys.a(write.o)
 .ARM.attributes
                0x00000000       0x34 c:/program files (x86)/atollic/truestudio for stm32 9.3.0/armtools/bin/../lib/gcc/arm-atollic-eabi/6.3.1/../../../../arm-atollic-eabi/lib/armv7e-m/fpu\libnosys.a(write.o)
 .text          0x00000000        0x0 c:/program files (x86)/atollic/truestudio for stm32 9.3.0/armtools/bin/../lib/gcc/arm-atollic-eabi/6.3.1/../../../../arm-atollic-eabi/lib/armv7e-m/fpu\libnosys.a(errno.o)
 .data          0x00000000        0x0 c:/program files (x86)/atollic/truestudio for stm32 9.3.0/armtools/bin/../lib/gcc/arm-atollic-eabi/6.3.1/../../../../arm-atollic-eabi/lib/armv7e-m/fpu\libnosys.a(errno.o)
 .bss           0x00000000        0x0 c:/program files (x86)/atollic/truestudio for stm32 9.3.0/armtools/bin/../lib/gcc/arm-atollic-eabi/6.3.1/../../../../arm-atollic-eabi/lib/armv7e-m/fpu\libnosys.a(errno.o)
 .ARM.attributes
                0x00000000       0x34 c:/program files (x86)/atollic/truestudio for stm32 9.3.0/armtools/bin/../lib/gcc/arm-atollic-eabi/6.3.1/../../../../arm-atollic-eabi/lib/armv7e-m/fpu\libnosys.a(errno.o)
 COMMON         0x00000000        0x4 c:/program files (x86)/atollic/truestudio for stm32 9.3.0/armtools/bin/../lib/gcc/arm-atollic-eabi/6.3.1/../../../../arm-atollic-eabi/lib/armv7e-m/fpu\libnosys.a(errno.o)
 .text          0x00000000        0x0 c:/program files (x86)/atollic/truestudio for stm32 9.3.0/armtools/bin/../lib/gcc/arm-atollic-eabi/6.3.1/armv7e-m/fpu/crtend.o
 .data          0x00000000        0x0 c:/program files (x86)/atollic/truestudio for stm32 9.3.0/armtools/bin/../lib/gcc/arm-atollic-eabi/6.3.1/armv7e-m/fpu/crtend.o
 .bss           0x00000000        0x0 c:/program files (x86)/atollic/truestudio for stm32 9.3.0/armtools/bin/../lib/gcc/arm-atollic-eabi/6.3.1/armv7e-m/fpu/crtend.o
 .eh_frame      0x00000000        0x4 c:/program files (x86)/atollic/truestudio for stm32 9.3.0/armtools/bin/../lib/gcc/arm-atollic-eabi/6.3.1/armv7e-m/fpu/crtend.o
 .ARM.attributes
                0x00000000       0x34 c:/program files (x86)/atollic/truestudio for stm32 9.3.0/armtools/bin/../lib/gcc/arm-atollic-eabi/6.3.1/armv7e-m/fpu/crtend.o
 .text          0x00000000        0x0 c:/program files (x86)/atollic/truestudio for stm32 9.3.0/armtools/bin/../lib/gcc/arm-atollic-eabi/6.3.1/armv7e-m/fpu/crtn.o
 .data          0x00000000        0x0 c:/program files (x86)/atollic/truestudio for stm32 9.3.0/armtools/bin/../lib/gcc/arm-atollic-eabi/6.3.1/armv7e-m/fpu/crtn.o
 .bss           0x00000000        0x0 c:/program files (x86)/atollic/truestudio for stm32 9.3.0/armtools/bin/../lib/gcc/arm-atollic-eabi/6.3.1/armv7e-m/fpu/crtn.o

Memory Configuration

Name             Origin             Length             Attributes
FLASH            0x08000000         0x00080000         xr
RAM              0x20000000         0x00020000         xrw
MEMORY_B1        0x60000000         0x00000000         xr
*default*        0x00000000         0xffffffff

Linker script and memory map

LOAD c:/program files (x86)/atollic/truestudio for stm32 9.3.0/armtools/bin/../lib/gcc/arm-atollic-eabi/6.3.1/armv7e-m/fpu/crti.o
LOAD c:/program files (x86)/atollic/truestudio for stm32 9.3.0/armtools/bin/../lib/gcc/arm-atollic-eabi/6.3.1/armv7e-m/fpu/crtbegin.o
LOAD src\main.o
LOAD src\startup_stm32f446xx.o
LOAD src\system_stm32f4xx.o
LOAD src\tiny_printf.o
                0x00000080                malloc_getpagesize_P = 0x80
START GROUP
LOAD c:/program files (x86)/atollic/truestudio for stm32 9.3.0/armtools/bin/../lib/gcc/arm-atollic-eabi/6.3.1/../../../../arm-atollic-eabi/lib/armv7e-m/fpu\libc_nano.a
LOAD c:/program files (x86)/atollic/truestudio for stm32 9.3.0/armtools/bin/../lib/gcc/arm-atollic-eabi/6.3.1/../../../../arm-atollic-eabi/lib/armv7e-m/fpu\libm.a
END GROUP
START GROUP
LOAD c:/program files (x86)/atollic/truestudio for stm32 9.3.0/armtools/bin/../lib/gcc/arm-atollic-eabi/6.3.1/armv7e-m/fpu\libgcc.a
LOAD c:/program files (x86)/atollic/truestudio for stm32 9.3.0/armtools/bin/../lib/gcc/arm-atollic-eabi/6.3.1/../../../../arm-atollic-eabi/lib/armv7e-m/fpu\libc_nano.a
END GROUP
START GROUP
LOAD c:/program files (x86)/atollic/truestudio for stm32 9.3.0/armtools/bin/../lib/gcc/arm-atollic-eabi/6.3.1/armv7e-m/fpu\libgcc.a
LOAD c:/program files (x86)/atollic/truestudio for stm32 9.3.0/armtools/bin/../lib/gcc/arm-atollic-eabi/6.3.1/../../../../arm-atollic-eabi/lib/armv7e-m/fpu\libc_nano.a
LOAD c:/program files (x86)/atollic/truestudio for stm32 9.3.0/armtools/bin/../lib/gcc/arm-atollic-eabi/6.3.1/../../../../arm-atollic-eabi/lib/armv7e-m/fpu\libnosys.a
END GROUP
START GROUP
LOAD c:/program files (x86)/atollic/truestudio for stm32 9.3.0/armtools/bin/../lib/gcc/arm-atollic-eabi/6.3.1/armv7e-m/fpu\libgcc.a
LOAD c:/program files (x86)/atollic/truestudio for stm32 9.3.0/armtools/bin/../lib/gcc/arm-atollic-eabi/6.3.1/../../../../arm-atollic-eabi/lib/armv7e-m/fpu\libc_nano.a
LOAD c:/program files (x86)/atollic/truestudio for stm32 9.3.0/armtools/bin/../lib/gcc/arm-atollic-eabi/6.3.1/../../../../arm-atollic-eabi/lib/armv7e-m/fpu\libnosys.a
END GROUP
LOAD c:/program files (x86)/atollic/truestudio for stm32 9.3.0/armtools/bin/../lib/gcc/arm-atollic-eabi/6.3.1/armv7e-m/fpu/crtend.o
LOAD c:/program files (x86)/atollic/truestudio for stm32 9.3.0/armtools/bin/../lib/gcc/arm-atollic-eabi/6.3.1/armv7e-m/fpu/crtn.o
                0x20020000                _estack = 0x20020000
                0x00000000                _Min_Heap_Size = 0x0
                0x00000400                _Min_Stack_Size = 0x400

.isr_vector     0x08000000      0x1c4
                0x08000000                . = ALIGN (0x4)
 *(.isr_vector)
 .isr_vector    0x08000000      0x1c4 src\startup_stm32f446xx.o
                0x08000000                g_pfnVectors
                0x080001c4                . = ALIGN (0x4)

.text           0x080001c4      0x408
                0x080001c4                . = ALIGN (0x4)
 *(.text)
 .text          0x080001c4       0x40 c:/program files (x86)/atollic/truestudio for stm32 9.3.0/armtools/bin/../lib/gcc/arm-atollic-eabi/6.3.1/armv7e-m/fpu/crtbegin.o
 *(.text*)
 .text.ligaLed  0x08000204       0x30 src\main.o
                0x08000204                ligaLed
 .text.para     0x08000234       0x88 src\main.o
                0x08000234                para
 .text.main     0x080002bc      0x1f0 src\main.o
                0x080002bc                main
 .text.Reset_Handler
                0x080004ac       0x50 src\startup_stm32f446xx.o
                0x080004ac                Reset_Handler
 .text.Default_Handler
                0x080004fc        0x2 src\startup_stm32f446xx.o
                0x080004fc                RTC_Alarm_IRQHandler
                0x080004fc                EXTI2_IRQHandler
                0x080004fc                TIM8_CC_IRQHandler
                0x080004fc                DebugMon_Handler
                0x080004fc                SPI4_IRQHandler
                0x080004fc                TIM1_CC_IRQHandler
                0x080004fc                QuadSPI_IRQHandler
                0x080004fc                DMA2_Stream5_IRQHandler
                0x080004fc                HardFault_Handler
                0x080004fc                DMA1_Stream5_IRQHandler
                0x080004fc                SysTick_Handler
                0x080004fc                PVD_IRQHandler
                0x080004fc                SDIO_IRQHandler
                0x080004fc                TAMP_STAMP_IRQHandler
                0x080004fc                PendSV_Handler
                0x080004fc                NMI_Handler
                0x080004fc                CAN2_RX1_IRQHandler
                0x080004fc                EXTI3_IRQHandler
                0x080004fc                TIM8_TRG_COM_TIM14_IRQHandler
                0x080004fc                TIM1_UP_TIM10_IRQHandler
                0x080004fc                TIM8_UP_TIM13_IRQHandler
                0x080004fc                I2C3_ER_IRQHandler
                0x080004fc                FMPI2C1_Event_IRQHandler
                0x080004fc                EXTI0_IRQHandler
                0x080004fc                I2C2_EV_IRQHandler
                0x080004fc                DMA1_Stream2_IRQHandler
                0x080004fc                CAN1_RX0_IRQHandler
                0x080004fc                FPU_IRQHandler
                0x080004fc                OTG_HS_WKUP_IRQHandler
                0x080004fc                UsageFault_Handler
                0x080004fc                CAN2_SCE_IRQHandler
                0x080004fc                DMA2_Stream2_IRQHandler
                0x080004fc                SPI1_IRQHandler
                0x080004fc                TIM6_DAC_IRQHandler
                0x080004fc                TIM1_BRK_TIM9_IRQHandler
                0x080004fc                DCMI_IRQHandler
                0x080004fc                CAN2_RX0_IRQHandler
                0x080004fc                DMA2_Stream3_IRQHandler
                0x080004fc                SAI2_IRQHandler
                0x080004fc                USART6_IRQHandler
                0x080004fc                USART3_IRQHandler
                0x080004fc                CAN1_RX1_IRQHandler
                0x080004fc                UART5_IRQHandler
                0x080004fc                DMA2_Stream0_IRQHandler
                0x080004fc                TIM4_IRQHandler
                0x080004fc                I2C1_EV_IRQHandler
                0x080004fc                DMA1_Stream6_IRQHandler
                0x080004fc                DMA1_Stream1_IRQHandler
                0x080004fc                UART4_IRQHandler
                0x080004fc                TIM3_IRQHandler
                0x080004fc                RCC_IRQHandler
                0x080004fc                TIM8_BRK_TIM12_IRQHandler
                0x080004fc                Default_Handler
                0x080004fc                CEC_IRQHandler
                0x080004fc                EXTI15_10_IRQHandler
                0x080004fc                ADC_IRQHandler
                0x080004fc                DMA1_Stream7_IRQHandler
                0x080004fc                TIM7_IRQHandler
                0x080004fc                CAN2_TX_IRQHandler
                0x080004fc                TIM5_IRQHandler
                0x080004fc                DMA2_Stream7_IRQHandler
                0x080004fc                I2C3_EV_IRQHandler
                0x080004fc                EXTI9_5_IRQHandler
                0x080004fc                RTC_WKUP_IRQHandler
                0x080004fc                SPDIF_RX_IRQHandler
                0x080004fc                SPI2_IRQHandler
                0x080004fc                OTG_HS_EP1_IN_IRQHandler
                0x080004fc                MemManage_Handler
                0x080004fc                DMA1_Stream0_IRQHandler
                0x080004fc                CAN1_TX_IRQHandler
                0x080004fc                SVC_Handler
                0x080004fc                EXTI4_IRQHandler
                0x080004fc                OTG_HS_EP1_OUT_IRQHandler
                0x080004fc                WWDG_IRQHandler
                0x080004fc                TIM2_IRQHandler
                0x080004fc                OTG_FS_WKUP_IRQHandler
                0x080004fc                TIM1_TRG_COM_TIM11_IRQHandler
                0x080004fc                OTG_HS_IRQHandler
                0x080004fc                EXTI1_IRQHandler
                0x080004fc                USART2_IRQHandler
                0x080004fc                I2C2_ER_IRQHandler
                0x080004fc                DMA2_Stream1_IRQHandler
                0x080004fc                CAN1_SCE_IRQHandler
                0x080004fc                FLASH_IRQHandler
                0x080004fc                DMA2_Stream4_IRQHandler
                0x080004fc                BusFault_Handler
                0x080004fc                USART1_IRQHandler
                0x080004fc                OTG_FS_IRQHandler
                0x080004fc                SPI3_IRQHandler
                0x080004fc                DMA1_Stream4_IRQHandler
                0x080004fc                I2C1_ER_IRQHandler
                0x080004fc                FMC_IRQHandler
                0x080004fc                DMA2_Stream6_IRQHandler
                0x080004fc                SAI1_IRQHandler
                0x080004fc                DMA1_Stream3_IRQHandler
                0x080004fc                FMPI2C1_Error_IRQHandler
 *fill*         0x080004fe        0x2 
 .text.SystemInit
                0x08000500       0x6c src\system_stm32f4xx.o
                0x08000500                SystemInit
 .text.__libc_init_array
                0x0800056c       0x48 c:/program files (x86)/atollic/truestudio for stm32 9.3.0/armtools/bin/../lib/gcc/arm-atollic-eabi/6.3.1/../../../../arm-atollic-eabi/lib/armv7e-m/fpu\libc_nano.a(lib_a-init.o)
                0x0800056c                __libc_init_array
 *(.glue_7)
 .glue_7        0x080005b4        0x0 linker stubs
 *(.glue_7t)
 .glue_7t       0x080005b4        0x0 linker stubs
 *(.eh_frame)
 .eh_frame      0x080005b4        0x0 c:/program files (x86)/atollic/truestudio for stm32 9.3.0/armtools/bin/../lib/gcc/arm-atollic-eabi/6.3.1/armv7e-m/fpu/crtbegin.o
 *(.init)
 .init          0x080005b4        0x4 c:/program files (x86)/atollic/truestudio for stm32 9.3.0/armtools/bin/../lib/gcc/arm-atollic-eabi/6.3.1/armv7e-m/fpu/crti.o
                0x080005b4                _init
 .init          0x080005b8        0x8 c:/program files (x86)/atollic/truestudio for stm32 9.3.0/armtools/bin/../lib/gcc/arm-atollic-eabi/6.3.1/armv7e-m/fpu/crtn.o
 *(.fini)
 .fini          0x080005c0        0x4 c:/program files (x86)/atollic/truestudio for stm32 9.3.0/armtools/bin/../lib/gcc/arm-atollic-eabi/6.3.1/armv7e-m/fpu/crti.o
                0x080005c0                _fini
 .fini          0x080005c4        0x8 c:/program files (x86)/atollic/truestudio for stm32 9.3.0/armtools/bin/../lib/gcc/arm-atollic-eabi/6.3.1/armv7e-m/fpu/crtn.o
                0x080005cc                . = ALIGN (0x4)
                0x080005cc                _etext = .

.vfp11_veneer   0x080005cc        0x0
 .vfp11_veneer  0x080005cc        0x0 linker stubs

.v4_bx          0x080005cc        0x0
 .v4_bx         0x080005cc        0x0 linker stubs

.iplt           0x080005cc        0x0
 .iplt          0x080005cc        0x0 c:/program files (x86)/atollic/truestudio for stm32 9.3.0/armtools/bin/../lib/gcc/arm-atollic-eabi/6.3.1/armv7e-m/fpu/crtbegin.o

.rel.dyn        0x080005cc        0x0
 .rel.iplt      0x080005cc        0x0 c:/program files (x86)/atollic/truestudio for stm32 9.3.0/armtools/bin/../lib/gcc/arm-atollic-eabi/6.3.1/armv7e-m/fpu/crtbegin.o

.rodata         0x080005cc        0x0
                0x080005cc                . = ALIGN (0x4)
 *(.rodata)
 *(.rodata*)
                0x080005cc                . = ALIGN (0x4)

.ARM.extab
 *(.ARM.extab* .gnu.linkonce.armextab.*)

.ARM            0x080005cc        0x0
                0x080005cc                __exidx_start = .
 *(.ARM.exidx*)
                0x080005cc                __exidx_end = .

.preinit_array  0x080005cc        0x0
                0x080005cc                PROVIDE (__preinit_array_start, .)
 *(.preinit_array*)
                0x080005cc                PROVIDE (__preinit_array_end, .)

.init_array     0x080005cc        0x4
                0x080005cc                PROVIDE (__init_array_start, .)
 *(SORT(.init_array.*))
 *(.init_array*)
 .init_array    0x080005cc        0x4 c:/program files (x86)/atollic/truestudio for stm32 9.3.0/armtools/bin/../lib/gcc/arm-atollic-eabi/6.3.1/armv7e-m/fpu/crtbegin.o
                0x080005d0                PROVIDE (__init_array_end, .)

.fini_array     0x080005d0        0x4
                [!provide]                PROVIDE (__fini_array_start, .)
 *(SORT(.fini_array.*))
 *(.fini_array*)
 .fini_array    0x080005d0        0x4 c:/program files (x86)/atollic/truestudio for stm32 9.3.0/armtools/bin/../lib/gcc/arm-atollic-eabi/6.3.1/armv7e-m/fpu/crtbegin.o
                [!provide]                PROVIDE (__fini_array_end, .)
                0x080005d4                _sidata = LOADADDR (.data)

.data           0x20000000       0x40 load address 0x080005d4
                0x20000000                . = ALIGN (0x4)
                0x20000000                _sdata = .
 *(.data)
 *(.data*)
 .data.led      0x20000000       0x20 src\main.o
                0x20000000                led
 .data.ledP     0x20000020       0x20 src\main.o
                0x20000020                ledP
                0x20000040                . = ALIGN (0x4)
                0x20000040                _edata = .

.igot.plt       0x20000040        0x0 load address 0x08000614
 .igot.plt      0x20000040        0x0 c:/program files (x86)/atollic/truestudio for stm32 9.3.0/armtools/bin/../lib/gcc/arm-atollic-eabi/6.3.1/armv7e-m/fpu/crtbegin.o
                0x20000040                . = ALIGN (0x4)

.bss            0x20000040       0x34 load address 0x08000614
                0x20000040                _sbss = .
                0x20000040                __bss_start__ = _sbss
 *(.bss)
 .bss           0x20000040       0x1c c:/program files (x86)/atollic/truestudio for stm32 9.3.0/armtools/bin/../lib/gcc/arm-atollic-eabi/6.3.1/armv7e-m/fpu/crtbegin.o
 *(.bss*)
 .bss.botaoApertado
                0x2000005c        0x4 src\main.o
                0x2000005c                botaoApertado
 .bss.contando  0x20000060        0x4 src\main.o
                0x20000060                contando
 .bss.cont      0x20000064        0x4 src\main.o
                0x20000064                cont
 .bss.verif     0x20000068        0x4 src\main.o
                0x20000068                verif
 *(COMMON)
 COMMON         0x2000006c        0x8 src\main.o
                0x2000006c                chaveStop
                0x20000070                chaveStart
                0x20000074                . = ALIGN (0x4)
                0x20000074                _ebss = .
                0x20000074                __bss_end__ = _ebss

._user_heap_stack
                0x20000074      0x400 load address 0x08000614
                0x20000074                . = ALIGN (0x4)
                [!provide]                PROVIDE (end, .)
                [!provide]                PROVIDE (_end, .)
                0x20000074                . = (. + _Min_Heap_Size)
                0x20000474                . = (. + _Min_Stack_Size)
 *fill*         0x20000074      0x400 
                0x20000474                . = ALIGN (0x4)

.memory_b1_text
 *(.mb1text)
 *(.mb1text*)
 *(.mb1rodata)
 *(.mb1rodata*)

/DISCARD/
 libc.a(*)
 libm.a(*)
 libgcc.a(*)

.ARM.attributes
                0x00000000       0x30
 *(.ARM.attributes)
 .ARM.attributes
                0x00000000       0x22 c:/program files (x86)/atollic/truestudio for stm32 9.3.0/armtools/bin/../lib/gcc/arm-atollic-eabi/6.3.1/armv7e-m/fpu/crti.o
 .ARM.attributes
                0x00000022       0x34 c:/program files (x86)/atollic/truestudio for stm32 9.3.0/armtools/bin/../lib/gcc/arm-atollic-eabi/6.3.1/armv7e-m/fpu/crtbegin.o
 .ARM.attributes
                0x00000056       0x39 src\main.o
 .ARM.attributes
                0x0000008f       0x21 src\startup_stm32f446xx.o
 .ARM.attributes
                0x000000b0       0x39 src\system_stm32f4xx.o
 .ARM.attributes
                0x000000e9       0x34 c:/program files (x86)/atollic/truestudio for stm32 9.3.0/armtools/bin/../lib/gcc/arm-atollic-eabi/6.3.1/../../../../arm-atollic-eabi/lib/armv7e-m/fpu\libc_nano.a(lib_a-init.o)
 .ARM.attributes
                0x0000011d       0x22 c:/program files (x86)/atollic/truestudio for stm32 9.3.0/armtools/bin/../lib/gcc/arm-atollic-eabi/6.3.1/armv7e-m/fpu/crtn.o
OUTPUT(provaAntiga.elf elf32-littlearm)

.debug_info     0x00000000      0xae1
 .debug_info    0x00000000      0x542 src\main.o
 .debug_info    0x00000542       0x9c src\startup_stm32f446xx.o
 .debug_info    0x000005de      0x503 src\system_stm32f4xx.o

.debug_abbrev   0x00000000      0x254
 .debug_abbrev  0x00000000      0x123 src\main.o
 .debug_abbrev  0x00000123       0x12 src\startup_stm32f446xx.o
 .debug_abbrev  0x00000135      0x11f src\system_stm32f4xx.o

.debug_aranges  0x00000000       0x80
 .debug_aranges
                0x00000000       0x30 src\main.o
 .debug_aranges
                0x00000030       0x28 src\startup_stm32f446xx.o
 .debug_aranges
                0x00000058       0x28 src\system_stm32f4xx.o

.debug_ranges   0x00000000       0x58
 .debug_ranges  0x00000000       0x20 src\main.o
 .debug_ranges  0x00000020       0x20 src\startup_stm32f446xx.o
 .debug_ranges  0x00000040       0x18 src\system_stm32f4xx.o

.debug_line     0x00000000      0x46e
 .debug_line    0x00000000      0x21b src\main.o
 .debug_line    0x0000021b       0x7b src\startup_stm32f446xx.o
 .debug_line    0x00000296      0x1d8 src\system_stm32f4xx.o

.debug_str      0x00000000      0x464
 .debug_str     0x00000000      0x3a2 src\main.o
                                0x3ec (size before relaxing)
 .debug_str     0x000003a2       0xc2 src\system_stm32f4xx.o
                                0x3dd (size before relaxing)

.comment        0x00000000       0x7c
 .comment       0x00000000       0x7c src\main.o
                                 0x7d (size before relaxing)
 .comment       0x0000007c       0x7d src\system_stm32f4xx.o

.debug_frame    0x00000000       0xf8
 .debug_frame   0x00000000       0x74 src\main.o
 .debug_frame   0x00000074       0x58 src\system_stm32f4xx.o
 .debug_frame   0x000000cc       0x2c c:/program files (x86)/atollic/truestudio for stm32 9.3.0/armtools/bin/../lib/gcc/arm-atollic-eabi/6.3.1/../../../../arm-atollic-eabi/lib/armv7e-m/fpu\libc_nano.a(lib_a-init.o)

.stabstr        0x00000000       0x3f
 .stabstr       0x00000000       0x3f c:/program files (x86)/atollic/truestudio for stm32 9.3.0/armtools/bin/../lib/gcc/arm-atollic-eabi/6.3.1/../../../../arm-atollic-eabi/lib/armv7e-m/fpu\libnosys.a(write.o)

Cross Reference Table

Symbol                                            File
ADC_IRQHandler                                    src\startup_stm32f446xx.o
AHBPrescTable                                     src\system_stm32f4xx.o
BusFault_Handler                                  src\startup_stm32f446xx.o
CAN1_RX0_IRQHandler                               src\startup_stm32f446xx.o
CAN1_RX1_IRQHandler                               src\startup_stm32f446xx.o
CAN1_SCE_IRQHandler                               src\startup_stm32f446xx.o
CAN1_TX_IRQHandler                                src\startup_stm32f446xx.o
CAN2_RX0_IRQHandler                               src\startup_stm32f446xx.o
CAN2_RX1_IRQHandler                               src\startup_stm32f446xx.o
CAN2_SCE_IRQHandler                               src\startup_stm32f446xx.o
CAN2_TX_IRQHandler                                src\startup_stm32f446xx.o
CEC_IRQHandler                                    src\startup_stm32f446xx.o
DCMI_IRQHandler                                   src\startup_stm32f446xx.o
DMA1_Stream0_IRQHandler                           src\startup_stm32f446xx.o
DMA1_Stream1_IRQHandler                           src\startup_stm32f446xx.o
DMA1_Stream2_IRQHandler                           src\startup_stm32f446xx.o
DMA1_Stream3_IRQHandler                           src\startup_stm32f446xx.o
DMA1_Stream4_IRQHandler                           src\startup_stm32f446xx.o
DMA1_Stream5_IRQHandler                           src\startup_stm32f446xx.o
DMA1_Stream6_IRQHandler                           src\startup_stm32f446xx.o
DMA1_Stream7_IRQHandler                           src\startup_stm32f446xx.o
DMA2_Stream0_IRQHandler                           src\startup_stm32f446xx.o
DMA2_Stream1_IRQHandler                           src\startup_stm32f446xx.o
DMA2_Stream2_IRQHandler                           src\startup_stm32f446xx.o
DMA2_Stream3_IRQHandler                           src\startup_stm32f446xx.o
DMA2_Stream4_IRQHandler                           src\startup_stm32f446xx.o
DMA2_Stream5_IRQHandler                           src\startup_stm32f446xx.o
DMA2_Stream6_IRQHandler                           src\startup_stm32f446xx.o
DMA2_Stream7_IRQHandler                           src\startup_stm32f446xx.o
DebugMon_Handler                                  src\startup_stm32f446xx.o
Default_Handler                                   src\startup_stm32f446xx.o
EXTI0_IRQHandler                                  src\startup_stm32f446xx.o
EXTI15_10_IRQHandler                              src\startup_stm32f446xx.o
EXTI1_IRQHandler                                  src\startup_stm32f446xx.o
EXTI2_IRQHandler                                  src\startup_stm32f446xx.o
EXTI3_IRQHandler                                  src\startup_stm32f446xx.o
EXTI4_IRQHandler                                  src\startup_stm32f446xx.o
EXTI9_5_IRQHandler                                src\startup_stm32f446xx.o
FLASH_IRQHandler                                  src\startup_stm32f446xx.o
FMC_IRQHandler                                    src\startup_stm32f446xx.o
FMPI2C1_Error_IRQHandler                          src\startup_stm32f446xx.o
FMPI2C1_Event_IRQHandler                          src\startup_stm32f446xx.o
FPU_IRQHandler                                    src\startup_stm32f446xx.o
HardFault_Handler                                 src\startup_stm32f446xx.o
I2C1_ER_IRQHandler                                src\startup_stm32f446xx.o
I2C1_EV_IRQHandler                                src\startup_stm32f446xx.o
I2C2_ER_IRQHandler                                src\startup_stm32f446xx.o
I2C2_EV_IRQHandler                                src\startup_stm32f446xx.o
I2C3_ER_IRQHandler                                src\startup_stm32f446xx.o
I2C3_EV_IRQHandler                                src\startup_stm32f446xx.o
MemManage_Handler                                 src\startup_stm32f446xx.o
NMI_Handler                                       src\startup_stm32f446xx.o
OTG_FS_IRQHandler                                 src\startup_stm32f446xx.o
OTG_FS_WKUP_IRQHandler                            src\startup_stm32f446xx.o
OTG_HS_EP1_IN_IRQHandler                          src\startup_stm32f446xx.o
OTG_HS_EP1_OUT_IRQHandler                         src\startup_stm32f446xx.o
OTG_HS_IRQHandler                                 src\startup_stm32f446xx.o
OTG_HS_WKUP_IRQHandler                            src\startup_stm32f446xx.o
PVD_IRQHandler                                    src\startup_stm32f446xx.o
PendSV_Handler                                    src\startup_stm32f446xx.o
QuadSPI_IRQHandler                                src\startup_stm32f446xx.o
RCC_IRQHandler                                    src\startup_stm32f446xx.o
RTC_Alarm_IRQHandler                              src\startup_stm32f446xx.o
RTC_WKUP_IRQHandler                               src\startup_stm32f446xx.o
Reset_Handler                                     src\startup_stm32f446xx.o
SAI1_IRQHandler                                   src\startup_stm32f446xx.o
SAI2_IRQHandler                                   src\startup_stm32f446xx.o
SDIO_IRQHandler                                   src\startup_stm32f446xx.o
SPDIF_RX_IRQHandler                               src\startup_stm32f446xx.o
SPI1_IRQHandler                                   src\startup_stm32f446xx.o
SPI2_IRQHandler                                   src\startup_stm32f446xx.o
SPI3_IRQHandler                                   src\startup_stm32f446xx.o
SPI4_IRQHandler                                   src\startup_stm32f446xx.o
SVC_Handler                                       src\startup_stm32f446xx.o
SysTick_Handler                                   src\startup_stm32f446xx.o
SystemCoreClock                                   src\system_stm32f4xx.o
SystemCoreClockUpdate                             src\system_stm32f4xx.o
SystemInit                                        src\system_stm32f4xx.o
                                                  src\startup_stm32f446xx.o
TAMP_STAMP_IRQHandler                             src\startup_stm32f446xx.o
TIM1_BRK_TIM9_IRQHandler                          src\startup_stm32f446xx.o
TIM1_CC_IRQHandler                                src\startup_stm32f446xx.o
TIM1_TRG_COM_TIM11_IRQHandler                     src\startup_stm32f446xx.o
TIM1_UP_TIM10_IRQHandler                          src\startup_stm32f446xx.o
TIM2_IRQHandler                                   src\startup_stm32f446xx.o
TIM3_IRQHandler                                   src\startup_stm32f446xx.o
TIM4_IRQHandler                                   src\startup_stm32f446xx.o
TIM5_IRQHandler                                   src\startup_stm32f446xx.o
TIM6_DAC_IRQHandler                               src\startup_stm32f446xx.o
TIM7_IRQHandler                                   src\startup_stm32f446xx.o
TIM8_BRK_TIM12_IRQHandler                         src\startup_stm32f446xx.o
TIM8_CC_IRQHandler                                src\startup_stm32f446xx.o
TIM8_TRG_COM_TIM14_IRQHandler                     src\startup_stm32f446xx.o
TIM8_UP_TIM13_IRQHandler                          src\startup_stm32f446xx.o
UART4_IRQHandler                                  src\startup_stm32f446xx.o
UART5_IRQHandler                                  src\startup_stm32f446xx.o
USART1_IRQHandler                                 src\startup_stm32f446xx.o
USART2_IRQHandler                                 src\startup_stm32f446xx.o
USART3_IRQHandler                                 src\startup_stm32f446xx.o
USART6_IRQHandler                                 src\startup_stm32f446xx.o
UsageFault_Handler                                src\startup_stm32f446xx.o
WWDG_IRQHandler                                   src\startup_stm32f446xx.o
__deregister_frame_info                           c:/program files (x86)/atollic/truestudio for stm32 9.3.0/armtools/bin/../lib/gcc/arm-atollic-eabi/6.3.1/armv7e-m/fpu/crtbegin.o
__dso_handle                                      c:/program files (x86)/atollic/truestudio for stm32 9.3.0/armtools/bin/../lib/gcc/arm-atollic-eabi/6.3.1/armv7e-m/fpu/crtbegin.o
__init_array_end                                  c:/program files (x86)/atollic/truestudio for stm32 9.3.0/armtools/bin/../lib/gcc/arm-atollic-eabi/6.3.1/../../../../arm-atollic-eabi/lib/armv7e-m/fpu\libc_nano.a(lib_a-init.o)
__init_array_start                                c:/program files (x86)/atollic/truestudio for stm32 9.3.0/armtools/bin/../lib/gcc/arm-atollic-eabi/6.3.1/../../../../arm-atollic-eabi/lib/armv7e-m/fpu\libc_nano.a(lib_a-init.o)
__libc_init_array                                 c:/program files (x86)/atollic/truestudio for stm32 9.3.0/armtools/bin/../lib/gcc/arm-atollic-eabi/6.3.1/../../../../arm-atollic-eabi/lib/armv7e-m/fpu\libc_nano.a(lib_a-init.o)
                                                  src\startup_stm32f446xx.o
__preinit_array_end                               c:/program files (x86)/atollic/truestudio for stm32 9.3.0/armtools/bin/../lib/gcc/arm-atollic-eabi/6.3.1/../../../../arm-atollic-eabi/lib/armv7e-m/fpu\libc_nano.a(lib_a-init.o)
__preinit_array_start                             c:/program files (x86)/atollic/truestudio for stm32 9.3.0/armtools/bin/../lib/gcc/arm-atollic-eabi/6.3.1/../../../../arm-atollic-eabi/lib/armv7e-m/fpu\libc_nano.a(lib_a-init.o)
__register_frame_info                             c:/program files (x86)/atollic/truestudio for stm32 9.3.0/armtools/bin/../lib/gcc/arm-atollic-eabi/6.3.1/armv7e-m/fpu/crtbegin.o
_ebss                                             src\startup_stm32f446xx.o
_edata                                            src\startup_stm32f446xx.o
_estack                                           src\startup_stm32f446xx.o
_fini                                             c:/program files (x86)/atollic/truestudio for stm32 9.3.0/armtools/bin/../lib/gcc/arm-atollic-eabi/6.3.1/armv7e-m/fpu/crti.o
_init                                             c:/program files (x86)/atollic/truestudio for stm32 9.3.0/armtools/bin/../lib/gcc/arm-atollic-eabi/6.3.1/armv7e-m/fpu/crti.o
                                                  c:/program files (x86)/atollic/truestudio for stm32 9.3.0/armtools/bin/../lib/gcc/arm-atollic-eabi/6.3.1/../../../../arm-atollic-eabi/lib/armv7e-m/fpu\libc_nano.a(lib_a-init.o)
_sbss                                             src\startup_stm32f446xx.o
_sdata                                            src\startup_stm32f446xx.o
_sidata                                           src\startup_stm32f446xx.o
_write                                            c:/program files (x86)/atollic/truestudio for stm32 9.3.0/armtools/bin/../lib/gcc/arm-atollic-eabi/6.3.1/../../../../arm-atollic-eabi/lib/armv7e-m/fpu\libnosys.a(write.o)
                                                  src\tiny_printf.o
botaoApertado                                     src\main.o
chaveStart                                        src\main.o
chaveStop                                         src\main.o
cont                                              src\main.o
contando                                          src\main.o
errno                                             c:/program files (x86)/atollic/truestudio for stm32 9.3.0/armtools/bin/../lib/gcc/arm-atollic-eabi/6.3.1/../../../../arm-atollic-eabi/lib/armv7e-m/fpu\libnosys.a(errno.o)
                                                  c:/program files (x86)/atollic/truestudio for stm32 9.3.0/armtools/bin/../lib/gcc/arm-atollic-eabi/6.3.1/../../../../arm-atollic-eabi/lib/armv7e-m/fpu\libnosys.a(write.o)
fiprintf                                          src\tiny_printf.o
fprintf                                           src\tiny_printf.o
fputs                                             src\tiny_printf.o
fwrite                                            src\tiny_printf.o
g_pfnVectors                                      src\startup_stm32f446xx.o
iprintf                                           src\tiny_printf.o
led                                               src\main.o
ledP                                              src\main.o
ligaLed                                           src\main.o
main                                              src\main.o
                                                  src\startup_stm32f446xx.o
para                                              src\main.o
printf                                            src\tiny_printf.o
puts                                              src\tiny_printf.o
siprintf                                          src\tiny_printf.o
sprintf                                           src\tiny_printf.o
strlen                                            c:/program files (x86)/atollic/truestudio for stm32 9.3.0/armtools/bin/../lib/gcc/arm-atollic-eabi/6.3.1/../../../../arm-atollic-eabi/lib/armv7e-m/fpu\libc_nano.a(lib_a-strlen.o)
                                                  src\tiny_printf.o
ts_formatlength                                   src\tiny_printf.o
ts_formatstring                                   src\tiny_printf.o
ts_itoa                                           src\tiny_printf.o
verif                                             src\main.o
