20:16:21 **** Rebuild of configuration Debug for project hexaDisplay ****
Info: Internal Builder is used for build
arm-atollic-eabi-gcc -c -mthumb -mcpu=cortex-m4 -mfloat-abi=hard -mfpu=fpv4-sp-d16 -DSTM32F411xE -I../src -I../Drivers/CMSIS/Include -I../Drivers/CMSIS/Device/ST/STM32F4xx/Include -I../Drivers/STM32F4xx_HAL_Driver/Inc -I../Drivers/BSP/STM32F4xx-Nucleo -g -Wa,--warn -x assembler-with-cpp -specs=nano.specs -o src\startup_stm32f411xe.o ..\src\startup_stm32f411xe.s 
arm-atollic-eabi-gcc -c ..\src\stm32f4xx_it.c -mthumb -mcpu=cortex-m4 -mfloat-abi=hard -mfpu=fpv4-sp-d16 -std=gnu11 -DSTM32F411xE -I../src -I../Drivers/CMSIS/Include -I../Drivers/CMSIS/Device/ST/STM32F4xx/Include -I../Drivers/STM32F4xx_HAL_Driver/Inc -I../Drivers/BSP/STM32F4xx-Nucleo -O0 -ffunction-sections -fdata-sections -g -fstack-usage -Wall -specs=nano.specs -o src\stm32f4xx_it.o 
arm-atollic-eabi-gcc -c ..\Drivers\BSP\STM32F4xx-Nucleo\stm32f4xx_nucleo.c -mthumb -mcpu=cortex-m4 -mfloat-abi=hard -mfpu=fpv4-sp-d16 -std=gnu11 -DSTM32F411xE -I../src -I../Drivers/CMSIS/Include -I../Drivers/CMSIS/Device/ST/STM32F4xx/Include -I../Drivers/STM32F4xx_HAL_Driver/Inc -I../Drivers/BSP/STM32F4xx-Nucleo -O0 -ffunction-sections -fdata-sections -g -fstack-usage -Wall -specs=nano.specs -o Drivers\BSP\STM32F4xx-Nucleo\stm32f4xx_nucleo.o 
..\Drivers\BSP\STM32F4xx-Nucleo\stm32f4xx_nucleo.c: In function 'LCD_IO_WriteMultipleData':
..\Drivers\BSP\STM32F4xx-Nucleo\stm32f4xx_nucleo.c:633:17: warning: variable 'data' set but not used [-Wunused-but-set-variable]
   __IO uint32_t data = 0;
                 ^~~~
arm-atollic-eabi-gcc -c ..\src\main.c -mthumb -mcpu=cortex-m4 -mfloat-abi=hard -mfpu=fpv4-sp-d16 -std=gnu11 -DSTM32F411xE -I../src -I../Drivers/CMSIS/Include -I../Drivers/CMSIS/Device/ST/STM32F4xx/Include -I../Drivers/STM32F4xx_HAL_Driver/Inc -I../Drivers/BSP/STM32F4xx-Nucleo -O0 -ffunction-sections -fdata-sections -g -fstack-usage -Wall -specs=nano.specs -o src\main.o 
arm-atollic-eabi-gcc -c ..\Drivers\STM32F4xx_HAL_Driver\Src\stm32f4xx_hal_gpio.c -mthumb -mcpu=cortex-m4 -mfloat-abi=hard -mfpu=fpv4-sp-d16 -std=gnu11 -DSTM32F411xE -I../src -I../Drivers/CMSIS/Include -I../Drivers/CMSIS/Device/ST/STM32F4xx/Include -I../Drivers/STM32F4xx_HAL_Driver/Inc -I../Drivers/BSP/STM32F4xx-Nucleo -O0 -ffunction-sections -fdata-sections -g -fstack-usage -Wall -specs=nano.specs -o Drivers\STM32F4xx_HAL_Driver\Src\stm32f4xx_hal_gpio.o 
arm-atollic-eabi-gcc -c ..\Drivers\STM32F4xx_HAL_Driver\Src\stm32f4xx_hal_cortex.c -mthumb -mcpu=cortex-m4 -mfloat-abi=hard -mfpu=fpv4-sp-d16 -std=gnu11 -DSTM32F411xE -I../src -I../Drivers/CMSIS/Include -I../Drivers/CMSIS/Device/ST/STM32F4xx/Include -I../Drivers/STM32F4xx_HAL_Driver/Inc -I../Drivers/BSP/STM32F4xx-Nucleo -O0 -ffunction-sections -fdata-sections -g -fstack-usage -Wall -specs=nano.specs -o Drivers\STM32F4xx_HAL_Driver\Src\stm32f4xx_hal_cortex.o 
arm-atollic-eabi-gcc -c ..\Drivers\STM32F4xx_HAL_Driver\Src\stm32f4xx_hal_rcc_ex.c -mthumb -mcpu=cortex-m4 -mfloat-abi=hard -mfpu=fpv4-sp-d16 -std=gnu11 -DSTM32F411xE -I../src -I../Drivers/CMSIS/Include -I../Drivers/CMSIS/Device/ST/STM32F4xx/Include -I../Drivers/STM32F4xx_HAL_Driver/Inc -I../Drivers/BSP/STM32F4xx-Nucleo -O0 -ffunction-sections -fdata-sections -g -fstack-usage -Wall -specs=nano.specs -o Drivers\STM32F4xx_HAL_Driver\Src\stm32f4xx_hal_rcc_ex.o 
arm-atollic-eabi-gcc -c ..\src\tiny_printf.c -mthumb -mcpu=cortex-m4 -mfloat-abi=hard -mfpu=fpv4-sp-d16 -std=gnu11 -DSTM32F411xE -I../src -I../Drivers/CMSIS/Include -I../Drivers/CMSIS/Device/ST/STM32F4xx/Include -I../Drivers/STM32F4xx_HAL_Driver/Inc -I../Drivers/BSP/STM32F4xx-Nucleo -O0 -ffunction-sections -fdata-sections -g -fstack-usage -Wall -specs=nano.specs -o src\tiny_printf.o 
arm-atollic-eabi-gcc -c ..\Drivers\STM32F4xx_HAL_Driver\Src\stm32f4xx_hal.c -mthumb -mcpu=cortex-m4 -mfloat-abi=hard -mfpu=fpv4-sp-d16 -std=gnu11 -DSTM32F411xE -I../src -I../Drivers/CMSIS/Include -I../Drivers/CMSIS/Device/ST/STM32F4xx/Include -I../Drivers/STM32F4xx_HAL_Driver/Inc -I../Drivers/BSP/STM32F4xx-Nucleo -O0 -ffunction-sections -fdata-sections -g -fstack-usage -Wall -specs=nano.specs -o Drivers\STM32F4xx_HAL_Driver\Src\stm32f4xx_hal.o 
arm-atollic-eabi-gcc -c ..\Drivers\STM32F4xx_HAL_Driver\Src\stm32f4xx_hal_rcc.c -mthumb -mcpu=cortex-m4 -mfloat-abi=hard -mfpu=fpv4-sp-d16 -std=gnu11 -DSTM32F411xE -I../src -I../Drivers/CMSIS/Include -I../Drivers/CMSIS/Device/ST/STM32F4xx/Include -I../Drivers/STM32F4xx_HAL_Driver/Inc -I../Drivers/BSP/STM32F4xx-Nucleo -O0 -ffunction-sections -fdata-sections -g -fstack-usage -Wall -specs=nano.specs -o Drivers\STM32F4xx_HAL_Driver\Src\stm32f4xx_hal_rcc.o 
arm-atollic-eabi-gcc -c ..\src\system_stm32f4xx.c -mthumb -mcpu=cortex-m4 -mfloat-abi=hard -mfpu=fpv4-sp-d16 -std=gnu11 -DSTM32F411xE -I../src -I../Drivers/CMSIS/Include -I../Drivers/CMSIS/Device/ST/STM32F4xx/Include -I../Drivers/STM32F4xx_HAL_Driver/Inc -I../Drivers/BSP/STM32F4xx-Nucleo -O0 -ffunction-sections -fdata-sections -g -fstack-usage -Wall -specs=nano.specs -o src\system_stm32f4xx.o 
arm-atollic-eabi-gcc -o hexaDisplay.elf Drivers\BSP\STM32F4xx-Nucleo\stm32f4xx_nucleo.o Drivers\STM32F4xx_HAL_Driver\Src\stm32f4xx_hal.o Drivers\STM32F4xx_HAL_Driver\Src\stm32f4xx_hal_cortex.o Drivers\STM32F4xx_HAL_Driver\Src\stm32f4xx_hal_gpio.o Drivers\STM32F4xx_HAL_Driver\Src\stm32f4xx_hal_rcc.o Drivers\STM32F4xx_HAL_Driver\Src\stm32f4xx_hal_rcc_ex.o src\main.o src\startup_stm32f411xe.o src\stm32f4xx_it.o src\system_stm32f4xx.o src\tiny_printf.o -mthumb -mcpu=cortex-m4 -mfloat-abi=hard -mfpu=fpv4-sp-d16 -T../stm32_flash.ld -specs=nosys.specs -static -Wl,-cref,-u,Reset_Handler -Wl,-Map=hexaDisplay.map -Wl,--gc-sections -Wl,--defsym=malloc_getpagesize_P=0x80 -Wl,--start-group -lc -lm -Wl,--end-group -specs=nano.specs 
C:\Program Files (x86)\Atollic\TrueSTUDIO for STM32 9.3.0\ide\jre\bin\java -jar C:\Program Files (x86)\Atollic\TrueSTUDIO for STM32 9.3.0\Tools\arm-atollic-reports.jar sizeinfo list hexaDisplay.elf 
Generate build reports...
Print size information
   text	   data	    bss	    dec	    hex	filename
   4964	     12	   1076	   6052	   17a4	hexaDisplay.elf
Print size information done
Generate listing file
Output sent to: hexaDisplay.list
Generate listing file done
Generate build reports done

20:16:24 Build Finished (took 2s.978ms)

